[0.653s] Invoking command in '/home/george/ros2_ws/src/turtle_controller': PYTHONPATH=/home/george/ros2_ws/build/turtle_controller/prefix_override:/usr/lib/python3/dist-packages/colcon_core/task/python/colcon_distutils_commands:/home/george/ros2_ws/install/turtle_controller/lib/python3.10/site-packages:${PYTHONPATH} /usr/bin/python3 -W ignore:setup.py install is deprecated -W ignore:easy_install command is deprecated setup.py egg_info --egg-base ../../build/turtle_controller build --build-base /home/george/ros2_ws/build/turtle_controller/build install --record /home/george/ros2_ws/build/turtle_controller/install.log --single-version-externally-managed install_data
[0.815s] running egg_info
[0.815s] creating ../../build/turtle_controller/turtle_controller.egg-info
[0.816s] writing ../../build/turtle_controller/turtle_controller.egg-info/PKG-INFO
[0.817s] writing dependency_links to ../../build/turtle_controller/turtle_controller.egg-info/dependency_links.txt
[0.817s] writing entry points to ../../build/turtle_controller/turtle_controller.egg-info/entry_points.txt
[0.817s] writing requirements to ../../build/turtle_controller/turtle_controller.egg-info/requires.txt
[0.817s] writing top-level names to ../../build/turtle_controller/turtle_controller.egg-info/top_level.txt
[0.817s] writing manifest file '../../build/turtle_controller/turtle_controller.egg-info/SOURCES.txt'
[0.818s] reading manifest file '../../build/turtle_controller/turtle_controller.egg-info/SOURCES.txt'
[0.819s] writing manifest file '../../build/turtle_controller/turtle_controller.egg-info/SOURCES.txt'
[0.819s] running build
[0.819s] running build_py
[0.819s] creating /home/george/ros2_ws/build/turtle_controller/build
[0.819s] creating /home/george/ros2_ws/build/turtle_controller/build/lib
[0.819s] creating /home/george/ros2_ws/build/turtle_controller/build/lib/turtle_controller
[0.819s] copying turtle_controller/__init__.py -> /home/george/ros2_ws/build/turtle_controller/build/lib/turtle_controller
[0.820s] copying turtle_controller/controller.py -> /home/george/ros2_ws/build/turtle_controller/build/lib/turtle_controller
[0.821s] running install
[0.821s] running install_lib
[0.822s] creating /home/george/ros2_ws/install/turtle_controller/lib/python3.10/site-packages/turtle_controller
[0.822s] copying /home/george/ros2_ws/build/turtle_controller/build/lib/turtle_controller/__init__.py -> /home/george/ros2_ws/install/turtle_controller/lib/python3.10/site-packages/turtle_controller
[0.822s] copying /home/george/ros2_ws/build/turtle_controller/build/lib/turtle_controller/controller.py -> /home/george/ros2_ws/install/turtle_controller/lib/python3.10/site-packages/turtle_controller
[0.822s] byte-compiling /home/george/ros2_ws/install/turtle_controller/lib/python3.10/site-packages/turtle_controller/__init__.py to __init__.cpython-310.pyc
[0.823s] byte-compiling /home/george/ros2_ws/install/turtle_controller/lib/python3.10/site-packages/turtle_controller/controller.py to controller.cpython-310.pyc
[0.823s] running install_data
[0.823s] creating /home/george/ros2_ws/install/turtle_controller/share/ament_index
[0.823s] creating /home/george/ros2_ws/install/turtle_controller/share/ament_index/resource_index
[0.823s] creating /home/george/ros2_ws/install/turtle_controller/share/ament_index/resource_index/packages
[0.823s] copying resource/turtle_controller -> /home/george/ros2_ws/install/turtle_controller/share/ament_index/resource_index/packages
[0.824s] copying package.xml -> /home/george/ros2_ws/install/turtle_controller/share/turtle_controller
[0.824s] running install_egg_info
[0.825s] Copying ../../build/turtle_controller/turtle_controller.egg-info to /home/george/ros2_ws/install/turtle_controller/lib/python3.10/site-packages/turtle_controller-0.0.0-py3.10.egg-info
[0.826s] running install_scripts
[0.839s] Installing controller script to /home/george/ros2_ws/install/turtle_controller/lib/turtle_controller
[0.840s] writing list of installed files to '/home/george/ros2_ws/build/turtle_controller/install.log'
[0.854s] Invoked command in '/home/george/ros2_ws/src/turtle_controller' returned '0': PYTHONPATH=/home/george/ros2_ws/build/turtle_controller/prefix_override:/usr/lib/python3/dist-packages/colcon_core/task/python/colcon_distutils_commands:/home/george/ros2_ws/install/turtle_controller/lib/python3.10/site-packages:${PYTHONPATH} /usr/bin/python3 -W ignore:setup.py install is deprecated -W ignore:easy_install command is deprecated setup.py egg_info --egg-base ../../build/turtle_controller build --build-base /home/george/ros2_ws/build/turtle_controller/build install --record /home/george/ros2_ws/build/turtle_controller/install.log --single-version-externally-managed install_data
