[0.012s] Invoking command in '/home/george/ros2_ws/build/turtle_interfaces': /usr/bin/cmake /home/george/ros2_ws/src/turtle_interfaces -DCATKIN_INSTALL_INTO_PREFIX_ROOT=0 -DCMAKE_INSTALL_PREFIX=/home/george/ros2_ws/install/turtle_interfaces
[0.259s] -- The C compiler identification is GNU 11.4.0
[0.970s] -- The CXX compiler identification is GNU 11.4.0
[1.468s] -- Detecting C compiler ABI info
[1.635s] -- Detecting C compiler ABI info - done
[1.641s] -- Check for working C compiler: /usr/bin/cc - skipped
[1.642s] -- Detecting C compile features
[1.642s] -- Detecting C compile features - done
[1.646s] -- Detecting CXX compiler ABI info
[1.828s] -- Detecting CXX compiler ABI info - done
[1.834s] -- Check for working CXX compiler: /usr/bin/c++ - skipped
[1.835s] -- Detecting CXX compile features
[1.835s] -- Detecting CXX compile features - done
[1.848s] -- Found ament_cmake: 1.3.14 (/opt/ros/humble/share/ament_cmake/cmake)
[1.987s] -- Found Python3: /usr/bin/python3 (found version "3.10.12") found components: Interpreter 
[2.081s] -- Found rosidl_default_generators: 1.2.1 (/opt/ros/humble/share/rosidl_default_generators/cmake)
[2.089s] -- Using all available rosidl_typesupport_c: rosidl_typesupport_fastrtps_c;rosidl_typesupport_introspection_c
[2.097s] -- Found rosidl_adapter: 3.1.8 (/opt/ros/humble/share/rosidl_adapter/cmake)
[2.325s] -- Using all available rosidl_typesupport_cpp: rosidl_typesupport_fastrtps_cpp;rosidl_typesupport_introspection_cpp
[2.563s] -- Found ament_cmake_ros: 0.10.0 (/opt/ros/humble/share/ament_cmake_ros/cmake)
[2.712s] -- Using all available rosidl_typesupport_c: rosidl_typesupport_fastrtps_c;rosidl_typesupport_introspection_c
[2.896s] -- Using all available rosidl_typesupport_cpp: rosidl_typesupport_fastrtps_cpp;rosidl_typesupport_introspection_cpp
[3.095s] -- Found PythonInterp: /usr/bin/python3 (found suitable version "3.10.12", minimum required is "3.6") 
[3.097s] -- Found python_cmake_module: 0.10.0 (/opt/ros/humble/share/python_cmake_module/cmake)
[3.677s] -- Found PythonLibs: /usr/lib/x86_64-linux-gnu/libpython3.10.so (found suitable version "3.10.12", minimum required is "3.5") 
[3.678s] -- Using PYTHON_EXECUTABLE: /usr/bin/python3
[3.678s] -- Using PYTHON_INCLUDE_DIRS: /usr/include/python3.10
[3.678s] -- Using PYTHON_LIBRARIES: /usr/lib/x86_64-linux-gnu/libpython3.10.so
[3.693s] -- Found PythonExtra: .so  
[3.826s] -- Configuring done
[3.862s] -- Generating done
[3.864s] [33mCMake Warning:
[3.864s]   Manually-specified variables were not used by the project:
[3.864s] 
[3.864s]     CATKIN_INSTALL_INTO_PREFIX_ROOT
[3.865s] 
[3.865s] [0m
[3.871s] -- Build files have been written to: /home/george/ros2_ws/build/turtle_interfaces
[3.879s] Invoked command in '/home/george/ros2_ws/build/turtle_interfaces' returned '0': /usr/bin/cmake /home/george/ros2_ws/src/turtle_interfaces -DCATKIN_INSTALL_INTO_PREFIX_ROOT=0 -DCMAKE_INSTALL_PREFIX=/home/george/ros2_ws/install/turtle_interfaces
[3.880s] Invoking command in '/home/george/ros2_ws/build/turtle_interfaces': /usr/bin/cmake --build /home/george/ros2_ws/build/turtle_interfaces -- -j16 -l16
[3.913s] [  3%] [34m[1mGenerating C code for ROS interfaces[0m
[3.928s] [  6%] [34m[1mGenerating Rust code for ROS interfaces[0m
[3.928s] [  9%] [34m[1mGenerating C++ code for ROS interfaces[0m
[3.940s] [  9%] Built target ament_cmake_python_copy_turtle_interfaces
[4.187s] [  9%] Built target turtle_interfaces__rs
[4.193s] [ 12%] [32mBuilding C object CMakeFiles/turtle_interfaces__rosidl_generator_c.dir/rosidl_generator_c/turtle_interfaces/srv/detail/shape_command__functions.c.o[0m
[4.195s] running egg_info
[4.195s] creating turtle_interfaces.egg-info
[4.195s] writing turtle_interfaces.egg-info/PKG-INFO
[4.196s] writing dependency_links to turtle_interfaces.egg-info/dependency_links.txt
[4.196s] writing top-level names to turtle_interfaces.egg-info/top_level.txt
[4.196s] writing manifest file 'turtle_interfaces.egg-info/SOURCES.txt'
[4.197s] reading manifest file 'turtle_interfaces.egg-info/SOURCES.txt'
[4.198s] writing manifest file 'turtle_interfaces.egg-info/SOURCES.txt'
[4.198s] [ 12%] Built target turtle_interfaces__cpp
[4.207s] [ 15%] [34m[1mGenerating C++ introspection for ROS interfaces[0m
[4.209s] [ 18%] [34m[1mGenerating C++ type support dispatch for ROS interfaces[0m
[4.209s] [ 21%] [34m[1mGenerating C++ type support for eProsima Fast-RTPS[0m
[4.220s] [ 21%] Built target ament_cmake_python_build_turtle_interfaces_egg
[4.275s] [ 25%] [32m[1mLinking C shared library libturtle_interfaces__rosidl_generator_c.so[0m
[4.402s] [ 28%] [32mBuilding CXX object CMakeFiles/turtle_interfaces__rosidl_typesupport_cpp.dir/rosidl_typesupport_cpp/turtle_interfaces/srv/shape_command__type_support.cpp.o[0m
[4.431s] [ 28%] Built target turtle_interfaces__rosidl_generator_c
[4.440s] [ 31%] [34m[1mGenerating C type support dispatch for ROS interfaces[0m
[4.440s] [ 34%] [34m[1mGenerating C type support for eProsima Fast-RTPS[0m
[4.441s] [ 37%] [34m[1mGenerating C introspection for ROS interfaces[0m
[4.442s] [ 40%] [32mBuilding CXX object CMakeFiles/turtle_interfaces__rosidl_typesupport_introspection_cpp.dir/rosidl_typesupport_introspection_cpp/turtle_interfaces/srv/detail/shape_command__type_support.cpp.o[0m
[4.456s] [ 43%] [32mBuilding CXX object CMakeFiles/turtle_interfaces__rosidl_typesupport_fastrtps_cpp.dir/rosidl_typesupport_fastrtps_cpp/turtle_interfaces/srv/detail/dds_fastrtps/shape_command__type_support.cpp.o[0m
[4.711s] [ 46%] [32mBuilding CXX object CMakeFiles/turtle_interfaces__rosidl_typesupport_c.dir/rosidl_typesupport_c/turtle_interfaces/srv/shape_command__type_support.cpp.o[0m
[4.740s] [ 50%] [32m[1mLinking CXX shared library libturtle_interfaces__rosidl_typesupport_cpp.so[0m
[4.747s] [ 53%] [32m[1mLinking CXX shared library libturtle_interfaces__rosidl_typesupport_c.so[0m
[4.760s] [ 56%] [32mBuilding CXX object CMakeFiles/turtle_interfaces__rosidl_typesupport_fastrtps_c.dir/rosidl_typesupport_fastrtps_c/turtle_interfaces/srv/detail/shape_command__type_support_c.cpp.o[0m
[4.774s] [ 59%] [32mBuilding C object CMakeFiles/turtle_interfaces__rosidl_typesupport_introspection_c.dir/rosidl_typesupport_introspection_c/turtle_interfaces/srv/detail/shape_command__type_support.c.o[0m
[4.812s] [ 62%] [32m[1mLinking C shared library libturtle_interfaces__rosidl_typesupport_introspection_c.so[0m
[4.862s] [ 65%] [32m[1mLinking CXX shared library libturtle_interfaces__rosidl_typesupport_introspection_cpp.so[0m
[4.883s] [ 68%] [32m[1mLinking CXX shared library libturtle_interfaces__rosidl_typesupport_fastrtps_cpp.so[0m
[4.897s] [ 68%] Built target turtle_interfaces__rosidl_typesupport_c
[4.898s] [ 68%] Built target turtle_interfaces__rosidl_typesupport_cpp
[4.936s] [ 68%] Built target turtle_interfaces__rosidl_typesupport_introspection_c
[5.015s] [ 68%] Built target turtle_interfaces__rosidl_typesupport_introspection_cpp
[5.035s] [ 71%] [32m[1mLinking CXX shared library libturtle_interfaces__rosidl_typesupport_fastrtps_c.so[0m
[5.048s] [ 71%] Built target turtle_interfaces__rosidl_typesupport_fastrtps_cpp
[5.181s] [ 71%] Built target turtle_interfaces__rosidl_typesupport_fastrtps_c
[5.195s] [ 71%] Built target turtle_interfaces
[5.208s] [ 75%] [34m[1mGenerating Python code for ROS interfaces[0m
[5.450s] [ 75%] Built target turtle_interfaces__py
[5.464s] [ 78%] [32mBuilding C object CMakeFiles/turtle_interfaces__rosidl_generator_py.dir/rosidl_generator_py/turtle_interfaces/srv/_shape_command_s.c.o[0m
[5.572s] [ 81%] [32m[1mLinking C shared library rosidl_generator_py/turtle_interfaces/libturtle_interfaces__rosidl_generator_py.so[0m
[5.694s] [ 81%] Built target turtle_interfaces__rosidl_generator_py
[5.710s] [ 84%] [32mBuilding C object CMakeFiles/turtle_interfaces__rosidl_typesupport_fastrtps_c__pyext.dir/rosidl_generator_py/turtle_interfaces/_turtle_interfaces_s.ep.rosidl_typesupport_fastrtps_c.c.o[0m
[5.711s] [ 87%] [32mBuilding C object CMakeFiles/turtle_interfaces__rosidl_typesupport_c__pyext.dir/rosidl_generator_py/turtle_interfaces/_turtle_interfaces_s.ep.rosidl_typesupport_c.c.o[0m
[5.711s] [ 90%] [32mBuilding C object CMakeFiles/turtle_interfaces__rosidl_typesupport_introspection_c__pyext.dir/rosidl_generator_py/turtle_interfaces/_turtle_interfaces_s.ep.rosidl_typesupport_introspection_c.c.o[0m
[5.789s] [ 93%] [32m[1mLinking C shared library rosidl_generator_py/turtle_interfaces/turtle_interfaces_s__rosidl_typesupport_fastrtps_c.cpython-310-x86_64-linux-gnu.so[0m
[5.790s] [ 96%] [32m[1mLinking C shared library rosidl_generator_py/turtle_interfaces/turtle_interfaces_s__rosidl_typesupport_introspection_c.cpython-310-x86_64-linux-gnu.so[0m
[5.794s] [100%] [32m[1mLinking C shared library rosidl_generator_py/turtle_interfaces/turtle_interfaces_s__rosidl_typesupport_c.cpython-310-x86_64-linux-gnu.so[0m
[5.886s] [100%] Built target turtle_interfaces__rosidl_typesupport_introspection_c__pyext
[5.886s] [100%] Built target turtle_interfaces__rosidl_typesupport_fastrtps_c__pyext
[5.931s] [100%] Built target turtle_interfaces__rosidl_typesupport_c__pyext
[5.939s] Invoked command in '/home/george/ros2_ws/build/turtle_interfaces' returned '0': /usr/bin/cmake --build /home/george/ros2_ws/build/turtle_interfaces -- -j16 -l16
[5.946s] Invoking command in '/home/george/ros2_ws/build/turtle_interfaces': /usr/bin/cmake --install /home/george/ros2_ws/build/turtle_interfaces
[5.951s] -- Install configuration: ""
[5.951s] -- Installing: /home/george/ros2_ws/install/turtle_interfaces/share/ament_index/resource_index/rosidl_interfaces/turtle_interfaces
[5.952s] -- Installing: /home/george/ros2_ws/install/turtle_interfaces/include/turtle_interfaces/turtle_interfaces
[5.952s] -- Installing: /home/george/ros2_ws/install/turtle_interfaces/include/turtle_interfaces/turtle_interfaces/srv
[5.952s] -- Installing: /home/george/ros2_ws/install/turtle_interfaces/include/turtle_interfaces/turtle_interfaces/srv/detail
[5.952s] -- Installing: /home/george/ros2_ws/install/turtle_interfaces/include/turtle_interfaces/turtle_interfaces/srv/detail/shape_command__type_support.h
[5.952s] -- Installing: /home/george/ros2_ws/install/turtle_interfaces/include/turtle_interfaces/turtle_interfaces/srv/detail/shape_command__struct.h
[5.952s] -- Installing: /home/george/ros2_ws/install/turtle_interfaces/include/turtle_interfaces/turtle_interfaces/srv/detail/shape_command__functions.c
[5.953s] -- Installing: /home/george/ros2_ws/install/turtle_interfaces/include/turtle_interfaces/turtle_interfaces/srv/detail/shape_command__functions.h
[5.953s] -- Installing: /home/george/ros2_ws/install/turtle_interfaces/include/turtle_interfaces/turtle_interfaces/srv/shape_command.h
[5.953s] -- Installing: /home/george/ros2_ws/install/turtle_interfaces/include/turtle_interfaces/turtle_interfaces/msg
[5.953s] -- Installing: /home/george/ros2_ws/install/turtle_interfaces/include/turtle_interfaces/turtle_interfaces/msg/rosidl_generator_c__visibility_control.h
[5.954s] -- Installing: /home/george/ros2_ws/install/turtle_interfaces/share/turtle_interfaces/environment/library_path.sh
[5.954s] -- Installing: /home/george/ros2_ws/install/turtle_interfaces/share/turtle_interfaces/environment/library_path.dsv
[5.954s] -- Installing: /home/george/ros2_ws/install/turtle_interfaces/lib/libturtle_interfaces__rosidl_generator_c.so
[5.954s] -- Set runtime path of "/home/george/ros2_ws/install/turtle_interfaces/lib/libturtle_interfaces__rosidl_generator_c.so" to ""
[5.954s] -- Up-to-date: /home/george/ros2_ws/install/turtle_interfaces/include/turtle_interfaces/turtle_interfaces
[5.955s] -- Up-to-date: /home/george/ros2_ws/install/turtle_interfaces/include/turtle_interfaces/turtle_interfaces/srv
[5.955s] -- Up-to-date: /home/george/ros2_ws/install/turtle_interfaces/include/turtle_interfaces/turtle_interfaces/srv/detail
[5.955s] -- Installing: /home/george/ros2_ws/install/turtle_interfaces/include/turtle_interfaces/turtle_interfaces/srv/detail/shape_command__rosidl_typesupport_fastrtps_c.h
[5.955s] -- Up-to-date: /home/george/ros2_ws/install/turtle_interfaces/include/turtle_interfaces/turtle_interfaces/msg
[5.955s] -- Installing: /home/george/ros2_ws/install/turtle_interfaces/include/turtle_interfaces/turtle_interfaces/msg/rosidl_typesupport_fastrtps_c__visibility_control.h
[5.955s] -- Installing: /home/george/ros2_ws/install/turtle_interfaces/lib/libturtle_interfaces__rosidl_typesupport_fastrtps_c.so
[5.955s] -- Set runtime path of "/home/george/ros2_ws/install/turtle_interfaces/lib/libturtle_interfaces__rosidl_typesupport_fastrtps_c.so" to ""
[5.955s] -- Up-to-date: /home/george/ros2_ws/install/turtle_interfaces/include/turtle_interfaces/turtle_interfaces
[5.955s] -- Up-to-date: /home/george/ros2_ws/install/turtle_interfaces/include/turtle_interfaces/turtle_interfaces/srv
[5.955s] -- Up-to-date: /home/george/ros2_ws/install/turtle_interfaces/include/turtle_interfaces/turtle_interfaces/srv/detail
[5.955s] -- Installing: /home/george/ros2_ws/install/turtle_interfaces/include/turtle_interfaces/turtle_interfaces/srv/detail/shape_command__rosidl_typesupport_introspection_c.h
[5.955s] -- Installing: /home/george/ros2_ws/install/turtle_interfaces/include/turtle_interfaces/turtle_interfaces/srv/detail/shape_command__type_support.c
[5.956s] -- Up-to-date: /home/george/ros2_ws/install/turtle_interfaces/include/turtle_interfaces/turtle_interfaces/msg
[5.956s] -- Installing: /home/george/ros2_ws/install/turtle_interfaces/include/turtle_interfaces/turtle_interfaces/msg/rosidl_typesupport_introspection_c__visibility_control.h
[5.956s] -- Installing: /home/george/ros2_ws/install/turtle_interfaces/lib/libturtle_interfaces__rosidl_typesupport_introspection_c.so
[5.956s] -- Set runtime path of "/home/george/ros2_ws/install/turtle_interfaces/lib/libturtle_interfaces__rosidl_typesupport_introspection_c.so" to ""
[5.956s] -- Installing: /home/george/ros2_ws/install/turtle_interfaces/lib/libturtle_interfaces__rosidl_typesupport_c.so
[5.956s] -- Set runtime path of "/home/george/ros2_ws/install/turtle_interfaces/lib/libturtle_interfaces__rosidl_typesupport_c.so" to ""
[5.957s] -- Up-to-date: /home/george/ros2_ws/install/turtle_interfaces/include/turtle_interfaces/turtle_interfaces
[5.957s] -- Up-to-date: /home/george/ros2_ws/install/turtle_interfaces/include/turtle_interfaces/turtle_interfaces/srv
[5.957s] -- Up-to-date: /home/george/ros2_ws/install/turtle_interfaces/include/turtle_interfaces/turtle_interfaces/srv/detail
[5.957s] -- Installing: /home/george/ros2_ws/install/turtle_interfaces/include/turtle_interfaces/turtle_interfaces/srv/detail/shape_command__builder.hpp
[5.957s] -- Installing: /home/george/ros2_ws/install/turtle_interfaces/include/turtle_interfaces/turtle_interfaces/srv/detail/shape_command__struct.hpp
[5.957s] -- Installing: /home/george/ros2_ws/install/turtle_interfaces/include/turtle_interfaces/turtle_interfaces/srv/detail/shape_command__traits.hpp
[5.957s] -- Installing: /home/george/ros2_ws/install/turtle_interfaces/include/turtle_interfaces/turtle_interfaces/srv/detail/shape_command__type_support.hpp
[5.957s] -- Installing: /home/george/ros2_ws/install/turtle_interfaces/include/turtle_interfaces/turtle_interfaces/srv/shape_command.hpp
[5.958s] -- Up-to-date: /home/george/ros2_ws/install/turtle_interfaces/include/turtle_interfaces/turtle_interfaces/msg
[5.958s] -- Installing: /home/george/ros2_ws/install/turtle_interfaces/include/turtle_interfaces/turtle_interfaces/msg/rosidl_generator_cpp__visibility_control.hpp
[5.958s] -- Up-to-date: /home/george/ros2_ws/install/turtle_interfaces/include/turtle_interfaces/turtle_interfaces
[5.958s] -- Up-to-date: /home/george/ros2_ws/install/turtle_interfaces/include/turtle_interfaces/turtle_interfaces/srv
[5.958s] -- Up-to-date: /home/george/ros2_ws/install/turtle_interfaces/include/turtle_interfaces/turtle_interfaces/srv/detail
[5.958s] -- Installing: /home/george/ros2_ws/install/turtle_interfaces/include/turtle_interfaces/turtle_interfaces/srv/detail/shape_command__rosidl_typesupport_fastrtps_cpp.hpp
[5.958s] -- Installing: /home/george/ros2_ws/install/turtle_interfaces/include/turtle_interfaces/turtle_interfaces/srv/detail/dds_fastrtps
[5.958s] -- Up-to-date: /home/george/ros2_ws/install/turtle_interfaces/include/turtle_interfaces/turtle_interfaces/msg
[5.958s] -- Installing: /home/george/ros2_ws/install/turtle_interfaces/include/turtle_interfaces/turtle_interfaces/msg/rosidl_typesupport_fastrtps_cpp__visibility_control.h
[5.958s] -- Installing: /home/george/ros2_ws/install/turtle_interfaces/lib/libturtle_interfaces__rosidl_typesupport_fastrtps_cpp.so
[5.959s] -- Set runtime path of "/home/george/ros2_ws/install/turtle_interfaces/lib/libturtle_interfaces__rosidl_typesupport_fastrtps_cpp.so" to ""
[5.959s] -- Up-to-date: /home/george/ros2_ws/install/turtle_interfaces/include/turtle_interfaces/turtle_interfaces
[5.959s] -- Up-to-date: /home/george/ros2_ws/install/turtle_interfaces/include/turtle_interfaces/turtle_interfaces/srv
[5.959s] -- Up-to-date: /home/george/ros2_ws/install/turtle_interfaces/include/turtle_interfaces/turtle_interfaces/srv/detail
[5.959s] -- Installing: /home/george/ros2_ws/install/turtle_interfaces/include/turtle_interfaces/turtle_interfaces/srv/detail/shape_command__type_support.cpp
[5.959s] -- Installing: /home/george/ros2_ws/install/turtle_interfaces/include/turtle_interfaces/turtle_interfaces/srv/detail/shape_command__rosidl_typesupport_introspection_cpp.hpp
[5.959s] -- Installing: /home/george/ros2_ws/install/turtle_interfaces/lib/libturtle_interfaces__rosidl_typesupport_introspection_cpp.so
[5.959s] -- Set runtime path of "/home/george/ros2_ws/install/turtle_interfaces/lib/libturtle_interfaces__rosidl_typesupport_introspection_cpp.so" to ""
[5.959s] -- Installing: /home/george/ros2_ws/install/turtle_interfaces/lib/libturtle_interfaces__rosidl_typesupport_cpp.so
[5.960s] -- Set runtime path of "/home/george/ros2_ws/install/turtle_interfaces/lib/libturtle_interfaces__rosidl_typesupport_cpp.so" to ""
[5.960s] -- Installing: /home/george/ros2_ws/install/turtle_interfaces/share/turtle_interfaces/environment/pythonpath.sh
[5.960s] -- Installing: /home/george/ros2_ws/install/turtle_interfaces/share/turtle_interfaces/environment/pythonpath.dsv
[5.960s] -- Installing: /home/george/ros2_ws/install/turtle_interfaces/local/lib/python3.10/dist-packages/turtle_interfaces-0.0.0-py3.10.egg-info
[5.961s] -- Installing: /home/george/ros2_ws/install/turtle_interfaces/local/lib/python3.10/dist-packages/turtle_interfaces-0.0.0-py3.10.egg-info/PKG-INFO
[5.961s] -- Installing: /home/george/ros2_ws/install/turtle_interfaces/local/lib/python3.10/dist-packages/turtle_interfaces-0.0.0-py3.10.egg-info/top_level.txt
[5.961s] -- Installing: /home/george/ros2_ws/install/turtle_interfaces/local/lib/python3.10/dist-packages/turtle_interfaces-0.0.0-py3.10.egg-info/SOURCES.txt
[5.961s] -- Installing: /home/george/ros2_ws/install/turtle_interfaces/local/lib/python3.10/dist-packages/turtle_interfaces-0.0.0-py3.10.egg-info/dependency_links.txt
[5.961s] -- Installing: /home/george/ros2_ws/install/turtle_interfaces/local/lib/python3.10/dist-packages/turtle_interfaces
[5.962s] -- Installing: /home/george/ros2_ws/install/turtle_interfaces/local/lib/python3.10/dist-packages/turtle_interfaces/libturtle_interfaces__rosidl_generator_py.so
[5.962s] -- Installing: /home/george/ros2_ws/install/turtle_interfaces/local/lib/python3.10/dist-packages/turtle_interfaces/_turtle_interfaces_s.ep.rosidl_typesupport_c.c
[5.962s] -- Installing: /home/george/ros2_ws/install/turtle_interfaces/local/lib/python3.10/dist-packages/turtle_interfaces/srv
[5.962s] -- Installing: /home/george/ros2_ws/install/turtle_interfaces/local/lib/python3.10/dist-packages/turtle_interfaces/srv/_shape_command_s.c
[5.963s] -- Installing: /home/george/ros2_ws/install/turtle_interfaces/local/lib/python3.10/dist-packages/turtle_interfaces/srv/_shape_command.py
[5.963s] -- Installing: /home/george/ros2_ws/install/turtle_interfaces/local/lib/python3.10/dist-packages/turtle_interfaces/srv/__init__.py
[5.963s] -- Installing: /home/george/ros2_ws/install/turtle_interfaces/local/lib/python3.10/dist-packages/turtle_interfaces/turtle_interfaces_s__rosidl_typesupport_c.cpython-310-x86_64-linux-gnu.so
[5.963s] -- Installing: /home/george/ros2_ws/install/turtle_interfaces/local/lib/python3.10/dist-packages/turtle_interfaces/_turtle_interfaces_s.ep.rosidl_typesupport_introspection_c.c
[5.963s] -- Installing: /home/george/ros2_ws/install/turtle_interfaces/local/lib/python3.10/dist-packages/turtle_interfaces/turtle_interfaces_s__rosidl_typesupport_fastrtps_c.cpython-310-x86_64-linux-gnu.so
[5.963s] -- Installing: /home/george/ros2_ws/install/turtle_interfaces/local/lib/python3.10/dist-packages/turtle_interfaces/turtle_interfaces_s__rosidl_typesupport_introspection_c.cpython-310-x86_64-linux-gnu.so
[5.964s] -- Installing: /home/george/ros2_ws/install/turtle_interfaces/local/lib/python3.10/dist-packages/turtle_interfaces/__init__.py
[5.964s] -- Installing: /home/george/ros2_ws/install/turtle_interfaces/local/lib/python3.10/dist-packages/turtle_interfaces/_turtle_interfaces_s.ep.rosidl_typesupport_fastrtps_c.c
[5.990s] Listing '/home/george/ros2_ws/install/turtle_interfaces/local/lib/python3.10/dist-packages/turtle_interfaces'...
[5.990s] Compiling '/home/george/ros2_ws/install/turtle_interfaces/local/lib/python3.10/dist-packages/turtle_interfaces/__init__.py'...
[5.990s] Listing '/home/george/ros2_ws/install/turtle_interfaces/local/lib/python3.10/dist-packages/turtle_interfaces/srv'...
[5.990s] Compiling '/home/george/ros2_ws/install/turtle_interfaces/local/lib/python3.10/dist-packages/turtle_interfaces/srv/__init__.py'...
[5.990s] Compiling '/home/george/ros2_ws/install/turtle_interfaces/local/lib/python3.10/dist-packages/turtle_interfaces/srv/_shape_command.py'...
[5.993s] -- Installing: /home/george/ros2_ws/install/turtle_interfaces/local/lib/python3.10/dist-packages/turtle_interfaces/turtle_interfaces_s__rosidl_typesupport_fastrtps_c.cpython-310-x86_64-linux-gnu.so
[5.993s] -- Set runtime path of "/home/george/ros2_ws/install/turtle_interfaces/local/lib/python3.10/dist-packages/turtle_interfaces/turtle_interfaces_s__rosidl_typesupport_fastrtps_c.cpython-310-x86_64-linux-gnu.so" to ""
[5.994s] -- Installing: /home/george/ros2_ws/install/turtle_interfaces/local/lib/python3.10/dist-packages/turtle_interfaces/turtle_interfaces_s__rosidl_typesupport_introspection_c.cpython-310-x86_64-linux-gnu.so
[5.994s] -- Set runtime path of "/home/george/ros2_ws/install/turtle_interfaces/local/lib/python3.10/dist-packages/turtle_interfaces/turtle_interfaces_s__rosidl_typesupport_introspection_c.cpython-310-x86_64-linux-gnu.so" to ""
[5.994s] -- Installing: /home/george/ros2_ws/install/turtle_interfaces/local/lib/python3.10/dist-packages/turtle_interfaces/turtle_interfaces_s__rosidl_typesupport_c.cpython-310-x86_64-linux-gnu.so
[5.994s] -- Set runtime path of "/home/george/ros2_ws/install/turtle_interfaces/local/lib/python3.10/dist-packages/turtle_interfaces/turtle_interfaces_s__rosidl_typesupport_c.cpython-310-x86_64-linux-gnu.so" to ""
[5.994s] -- Installing: /home/george/ros2_ws/install/turtle_interfaces/lib/libturtle_interfaces__rosidl_generator_py.so
[5.994s] -- Set runtime path of "/home/george/ros2_ws/install/turtle_interfaces/lib/libturtle_interfaces__rosidl_generator_py.so" to ""
[5.995s] -- Installing: /home/george/ros2_ws/install/turtle_interfaces/share/ament_index/resource_index/rust_packages/turtle_interfaces
[5.995s] -- Installing: /home/george/ros2_ws/install/turtle_interfaces/share/turtle_interfaces/rust
[5.995s] -- Installing: /home/george/ros2_ws/install/turtle_interfaces/share/turtle_interfaces/rust/build.rs
[5.995s] -- Installing: /home/george/ros2_ws/install/turtle_interfaces/share/turtle_interfaces/rust/Cargo.toml
[5.995s] -- Installing: /home/george/ros2_ws/install/turtle_interfaces/share/turtle_interfaces/rust/src
[5.995s] -- Installing: /home/george/ros2_ws/install/turtle_interfaces/share/turtle_interfaces/rust/src/lib.rs
[5.996s] -- Installing: /home/george/ros2_ws/install/turtle_interfaces/share/turtle_interfaces/rust/src/srv
[5.996s] -- Installing: /home/george/ros2_ws/install/turtle_interfaces/share/turtle_interfaces/rust/src/srv/rmw.rs
[5.996s] -- Installing: /home/george/ros2_ws/install/turtle_interfaces/share/turtle_interfaces/rust/src/srv.rs
[5.996s] -- Installing: /home/george/ros2_ws/install/turtle_interfaces/share/turtle_interfaces/srv/ShapeCommand.idl
[5.996s] -- Installing: /home/george/ros2_ws/install/turtle_interfaces/share/turtle_interfaces/srv/ShapeCommand.srv
[5.997s] -- Installing: /home/george/ros2_ws/install/turtle_interfaces/share/turtle_interfaces/srv/ShapeCommand_Request.msg
[5.997s] -- Installing: /home/george/ros2_ws/install/turtle_interfaces/share/turtle_interfaces/srv/ShapeCommand_Response.msg
[5.997s] -- Installing: /home/george/ros2_ws/install/turtle_interfaces/share/ament_index/resource_index/package_run_dependencies/turtle_interfaces
[5.997s] -- Installing: /home/george/ros2_ws/install/turtle_interfaces/share/ament_index/resource_index/parent_prefix_path/turtle_interfaces
[5.998s] -- Installing: /home/george/ros2_ws/install/turtle_interfaces/share/turtle_interfaces/environment/ament_prefix_path.sh
[5.998s] -- Installing: /home/george/ros2_ws/install/turtle_interfaces/share/turtle_interfaces/environment/ament_prefix_path.dsv
[5.998s] -- Installing: /home/george/ros2_ws/install/turtle_interfaces/share/turtle_interfaces/environment/path.sh
[5.998s] -- Installing: /home/george/ros2_ws/install/turtle_interfaces/share/turtle_interfaces/environment/path.dsv
[5.998s] -- Installing: /home/george/ros2_ws/install/turtle_interfaces/share/turtle_interfaces/local_setup.bash
[5.998s] -- Installing: /home/george/ros2_ws/install/turtle_interfaces/share/turtle_interfaces/local_setup.sh
[5.998s] -- Installing: /home/george/ros2_ws/install/turtle_interfaces/share/turtle_interfaces/local_setup.zsh
[5.999s] -- Installing: /home/george/ros2_ws/install/turtle_interfaces/share/turtle_interfaces/local_setup.dsv
[5.999s] -- Installing: /home/george/ros2_ws/install/turtle_interfaces/share/turtle_interfaces/package.dsv
[5.999s] -- Installing: /home/george/ros2_ws/install/turtle_interfaces/share/ament_index/resource_index/packages/turtle_interfaces
[5.999s] -- Installing: /home/george/ros2_ws/install/turtle_interfaces/share/turtle_interfaces/cmake/export_turtle_interfaces__rosidl_generator_cExport.cmake
[5.999s] -- Installing: /home/george/ros2_ws/install/turtle_interfaces/share/turtle_interfaces/cmake/export_turtle_interfaces__rosidl_generator_cExport-noconfig.cmake
[5.999s] -- Installing: /home/george/ros2_ws/install/turtle_interfaces/share/turtle_interfaces/cmake/export_turtle_interfaces__rosidl_typesupport_fastrtps_cExport.cmake
[6.000s] -- Installing: /home/george/ros2_ws/install/turtle_interfaces/share/turtle_interfaces/cmake/export_turtle_interfaces__rosidl_typesupport_fastrtps_cExport-noconfig.cmake
[6.000s] -- Installing: /home/george/ros2_ws/install/turtle_interfaces/share/turtle_interfaces/cmake/turtle_interfaces__rosidl_typesupport_introspection_cExport.cmake
[6.000s] -- Installing: /home/george/ros2_ws/install/turtle_interfaces/share/turtle_interfaces/cmake/turtle_interfaces__rosidl_typesupport_introspection_cExport-noconfig.cmake
[6.000s] -- Installing: /home/george/ros2_ws/install/turtle_interfaces/share/turtle_interfaces/cmake/turtle_interfaces__rosidl_typesupport_cExport.cmake
[6.000s] -- Installing: /home/george/ros2_ws/install/turtle_interfaces/share/turtle_interfaces/cmake/turtle_interfaces__rosidl_typesupport_cExport-noconfig.cmake
[6.000s] -- Installing: /home/george/ros2_ws/install/turtle_interfaces/share/turtle_interfaces/cmake/export_turtle_interfaces__rosidl_generator_cppExport.cmake
[6.000s] -- Installing: /home/george/ros2_ws/install/turtle_interfaces/share/turtle_interfaces/cmake/export_turtle_interfaces__rosidl_typesupport_fastrtps_cppExport.cmake
[6.000s] -- Installing: /home/george/ros2_ws/install/turtle_interfaces/share/turtle_interfaces/cmake/export_turtle_interfaces__rosidl_typesupport_fastrtps_cppExport-noconfig.cmake
[6.001s] -- Installing: /home/george/ros2_ws/install/turtle_interfaces/share/turtle_interfaces/cmake/turtle_interfaces__rosidl_typesupport_introspection_cppExport.cmake
[6.001s] -- Installing: /home/george/ros2_ws/install/turtle_interfaces/share/turtle_interfaces/cmake/turtle_interfaces__rosidl_typesupport_introspection_cppExport-noconfig.cmake
[6.001s] -- Installing: /home/george/ros2_ws/install/turtle_interfaces/share/turtle_interfaces/cmake/turtle_interfaces__rosidl_typesupport_cppExport.cmake
[6.001s] -- Installing: /home/george/ros2_ws/install/turtle_interfaces/share/turtle_interfaces/cmake/turtle_interfaces__rosidl_typesupport_cppExport-noconfig.cmake
[6.001s] -- Installing: /home/george/ros2_ws/install/turtle_interfaces/share/turtle_interfaces/cmake/export_turtle_interfaces__rosidl_generator_pyExport.cmake
[6.001s] -- Installing: /home/george/ros2_ws/install/turtle_interfaces/share/turtle_interfaces/cmake/export_turtle_interfaces__rosidl_generator_pyExport-noconfig.cmake
[6.001s] -- Installing: /home/george/ros2_ws/install/turtle_interfaces/share/turtle_interfaces/cmake/rosidl_cmake-extras.cmake
[6.001s] -- Installing: /home/george/ros2_ws/install/turtle_interfaces/share/turtle_interfaces/cmake/ament_cmake_export_include_directories-extras.cmake
[6.002s] -- Installing: /home/george/ros2_ws/install/turtle_interfaces/share/turtle_interfaces/cmake/ament_cmake_export_libraries-extras.cmake
[6.002s] -- Installing: /home/george/ros2_ws/install/turtle_interfaces/share/turtle_interfaces/cmake/ament_cmake_export_targets-extras.cmake
[6.002s] -- Installing: /home/george/ros2_ws/install/turtle_interfaces/share/turtle_interfaces/cmake/rosidl_cmake_export_typesupport_targets-extras.cmake
[6.002s] -- Installing: /home/george/ros2_ws/install/turtle_interfaces/share/turtle_interfaces/cmake/ament_cmake_export_dependencies-extras.cmake
[6.003s] -- Installing: /home/george/ros2_ws/install/turtle_interfaces/share/turtle_interfaces/cmake/rosidl_cmake_export_typesupport_libraries-extras.cmake
[6.003s] -- Installing: /home/george/ros2_ws/install/turtle_interfaces/share/turtle_interfaces/cmake/turtle_interfacesConfig.cmake
[6.003s] -- Installing: /home/george/ros2_ws/install/turtle_interfaces/share/turtle_interfaces/cmake/turtle_interfacesConfig-version.cmake
[6.003s] -- Installing: /home/george/ros2_ws/install/turtle_interfaces/share/turtle_interfaces/package.xml
[6.005s] Invoked command in '/home/george/ros2_ws/build/turtle_interfaces' returned '0': /usr/bin/cmake --install /home/george/ros2_ws/build/turtle_interfaces
