[0.636s] Invoking command in '/home/george/ros2_ws/src/turtle_controller': PYTHONPATH=/home/george/ros2_ws/build/turtle_controller/prefix_override:/usr/lib/python3/dist-packages/colcon_core/task/python/colcon_distutils_commands:/home/george/ros2_ws/install/turtle_controller/lib/python3.10/site-packages:${PYTHONPATH} /usr/bin/python3 -W ignore:setup.py install is deprecated -W ignore:easy_install command is deprecated setup.py egg_info --egg-base ../../build/turtle_controller build --build-base /home/george/ros2_ws/build/turtle_controller/build install --record /home/george/ros2_ws/build/turtle_controller/install.log --single-version-externally-managed install_data
[0.802s] running egg_info
[0.804s] writing ../../build/turtle_controller/turtle_controller.egg-info/PKG-INFO
[0.804s] writing dependency_links to ../../build/turtle_controller/turtle_controller.egg-info/dependency_links.txt
[0.806s] writing entry points to ../../build/turtle_controller/turtle_controller.egg-info/entry_points.txt
[0.806s] writing requirements to ../../build/turtle_controller/turtle_controller.egg-info/requires.txt
[0.807s] writing top-level names to ../../build/turtle_controller/turtle_controller.egg-info/top_level.txt
[0.808s] reading manifest file '../../build/turtle_controller/turtle_controller.egg-info/SOURCES.txt'
[0.809s] writing manifest file '../../build/turtle_controller/turtle_controller.egg-info/SOURCES.txt'
[0.809s] running build
[0.809s] running build_py
[0.810s] copying turtle_controller/ThirdMasterPiece.py -> /home/george/ros2_ws/build/turtle_controller/build/lib/turtle_controller
[0.811s] running install
[0.811s] running install_lib
[0.812s] copying /home/george/ros2_ws/build/turtle_controller/build/lib/turtle_controller/ThirdMasterPiece.py -> /home/george/ros2_ws/install/turtle_controller/lib/python3.10/site-packages/turtle_controller
[0.813s] byte-compiling /home/george/ros2_ws/install/turtle_controller/lib/python3.10/site-packages/turtle_controller/ThirdMasterPiece.py to ThirdMasterPiece.cpython-310.pyc
[0.815s] running install_data
[0.815s] running install_egg_info
[0.816s] removing '/home/george/ros2_ws/install/turtle_controller/lib/python3.10/site-packages/turtle_controller-0.0.0-py3.10.egg-info' (and everything under it)
[0.817s] Copying ../../build/turtle_controller/turtle_controller.egg-info to /home/george/ros2_ws/install/turtle_controller/lib/python3.10/site-packages/turtle_controller-0.0.0-py3.10.egg-info
[0.818s] running install_scripts
[0.833s] Installing ILROS script to /home/george/ros2_ws/install/turtle_controller/lib/turtle_controller
[0.833s] Installing butterfly script to /home/george/ros2_ws/install/turtle_controller/lib/turtle_controller
[0.833s] Installing controller script to /home/george/ros2_ws/install/turtle_controller/lib/turtle_controller
[0.833s] Installing racecare script to /home/george/ros2_ws/install/turtle_controller/lib/turtle_controller
[0.834s] writing list of installed files to '/home/george/ros2_ws/build/turtle_controller/install.log'
[0.850s] Invoked command in '/home/george/ros2_ws/src/turtle_controller' returned '0': PYTHONPATH=/home/george/ros2_ws/build/turtle_controller/prefix_override:/usr/lib/python3/dist-packages/colcon_core/task/python/colcon_distutils_commands:/home/george/ros2_ws/install/turtle_controller/lib/python3.10/site-packages:${PYTHONPATH} /usr/bin/python3 -W ignore:setup.py install is deprecated -W ignore:easy_install command is deprecated setup.py egg_info --egg-base ../../build/turtle_controller build --build-base /home/george/ros2_ws/build/turtle_controller/build install --record /home/george/ros2_ws/build/turtle_controller/install.log --single-version-externally-managed install_data
