[0.438s] Invoking command in '/home/george/ros2_ws/src/turtle_controller': PYTHONPATH=/home/george/ros2_ws/build/turtle_controller/prefix_override:/usr/lib/python3/dist-packages/colcon_core/task/python/colcon_distutils_commands:/home/george/ros2_ws/install/turtle_controller/lib/python3.10/site-packages:${PYTHONPATH} /usr/bin/python3 -W ignore:setup.py install is deprecated -W ignore:easy_install command is deprecated setup.py egg_info --egg-base ../../build/turtle_controller build --build-base /home/george/ros2_ws/build/turtle_controller/build install --record /home/george/ros2_ws/build/turtle_controller/install.log --single-version-externally-managed install_data
[0.604s] running egg_info
[0.605s] creating ../../build/turtle_controller/turtle_controller.egg-info
[0.605s] writing ../../build/turtle_controller/turtle_controller.egg-info/PKG-INFO
[0.606s] writing dependency_links to ../../build/turtle_controller/turtle_controller.egg-info/dependency_links.txt
[0.606s] writing entry points to ../../build/turtle_controller/turtle_controller.egg-info/entry_points.txt
[0.606s] writing requirements to ../../build/turtle_controller/turtle_controller.egg-info/requires.txt
[0.606s] writing top-level names to ../../build/turtle_controller/turtle_controller.egg-info/top_level.txt
[0.606s] writing manifest file '../../build/turtle_controller/turtle_controller.egg-info/SOURCES.txt'
[0.608s] reading manifest file '../../build/turtle_controller/turtle_controller.egg-info/SOURCES.txt'
[0.608s] writing manifest file '../../build/turtle_controller/turtle_controller.egg-info/SOURCES.txt'
[0.609s] running build
[0.609s] running build_py
[0.609s] creating /home/george/ros2_ws/build/turtle_controller/build
[0.609s] creating /home/george/ros2_ws/build/turtle_controller/build/lib
[0.609s] creating /home/george/ros2_ws/build/turtle_controller/build/lib/turtle_controller
[0.609s] copying turtle_controller/FirstMasterPiece.py -> /home/george/ros2_ws/build/turtle_controller/build/lib/turtle_controller
[0.610s] copying turtle_controller/__init__.py -> /home/george/ros2_ws/build/turtle_controller/build/lib/turtle_controller
[0.610s] copying turtle_controller/controller.py -> /home/george/ros2_ws/build/turtle_controller/build/lib/turtle_controller
[0.611s] running install
[0.611s] running install_lib
[0.612s] creating /home/george/ros2_ws/install/turtle_controller/lib/python3.10/site-packages/turtle_controller
[0.612s] copying /home/george/ros2_ws/build/turtle_controller/build/lib/turtle_controller/FirstMasterPiece.py -> /home/george/ros2_ws/install/turtle_controller/lib/python3.10/site-packages/turtle_controller
[0.612s] copying /home/george/ros2_ws/build/turtle_controller/build/lib/turtle_controller/__init__.py -> /home/george/ros2_ws/install/turtle_controller/lib/python3.10/site-packages/turtle_controller
[0.612s] copying /home/george/ros2_ws/build/turtle_controller/build/lib/turtle_controller/controller.py -> /home/george/ros2_ws/install/turtle_controller/lib/python3.10/site-packages/turtle_controller
[0.612s] byte-compiling /home/george/ros2_ws/install/turtle_controller/lib/python3.10/site-packages/turtle_controller/FirstMasterPiece.py to FirstMasterPiece.cpython-310.pyc
[0.613s] byte-compiling /home/george/ros2_ws/install/turtle_controller/lib/python3.10/site-packages/turtle_controller/__init__.py to __init__.cpython-310.pyc
[0.614s] byte-compiling /home/george/ros2_ws/install/turtle_controller/lib/python3.10/site-packages/turtle_controller/controller.py to controller.cpython-310.pyc
[0.614s] running install_data
[0.614s] creating /home/george/ros2_ws/install/turtle_controller/share/ament_index
[0.614s] creating /home/george/ros2_ws/install/turtle_controller/share/ament_index/resource_index
[0.615s] creating /home/george/ros2_ws/install/turtle_controller/share/ament_index/resource_index/packages
[0.615s] copying resource/turtle_controller -> /home/george/ros2_ws/install/turtle_controller/share/ament_index/resource_index/packages
[0.615s] copying package.xml -> /home/george/ros2_ws/install/turtle_controller/share/turtle_controller
[0.615s] running install_egg_info
[0.616s] Copying ../../build/turtle_controller/turtle_controller.egg-info to /home/george/ros2_ws/install/turtle_controller/lib/python3.10/site-packages/turtle_controller-0.0.0-py3.10.egg-info
[0.617s] running install_scripts
[0.631s] Installing butterfly script to /home/george/ros2_ws/install/turtle_controller/lib/turtle_controller
[0.632s] Installing controller script to /home/george/ros2_ws/install/turtle_controller/lib/turtle_controller
[0.632s] writing list of installed files to '/home/george/ros2_ws/build/turtle_controller/install.log'
[0.648s] Invoked command in '/home/george/ros2_ws/src/turtle_controller' returned '0': PYTHONPATH=/home/george/ros2_ws/build/turtle_controller/prefix_override:/usr/lib/python3/dist-packages/colcon_core/task/python/colcon_distutils_commands:/home/george/ros2_ws/install/turtle_controller/lib/python3.10/site-packages:${PYTHONPATH} /usr/bin/python3 -W ignore:setup.py install is deprecated -W ignore:easy_install command is deprecated setup.py egg_info --egg-base ../../build/turtle_controller build --build-base /home/george/ros2_ws/build/turtle_controller/build install --record /home/george/ros2_ws/build/turtle_controller/install.log --single-version-externally-managed install_data
