[0.010s] Invoking command in '/home/george/ros2_ws/build/turtle_interfaces': CMAKE_PREFIX_PATH=/opt/ros/humble /usr/bin/cmake /home/george/ros2_ws/src/turtle_interfaces -DCMAKE_INSTALL_PREFIX=/home/george/ros2_ws/install/turtle_interfaces
[0.232s] -- The C compiler identification is GNU 11.4.0
[0.901s] -- The CXX compiler identification is GNU 11.4.0
[1.389s] -- Detecting C compiler ABI info
[1.565s] -- Detecting C compiler ABI info - done
[1.570s] -- Check for working C compiler: /usr/bin/cc - skipped
[1.571s] -- Detecting C compile features
[1.572s] -- Detecting C compile features - done
[1.575s] -- Detecting CXX compiler ABI info
[1.737s] -- Detecting CXX compiler ABI info - done
[1.742s] -- Check for working CXX compiler: /usr/bin/c++ - skipped
[1.742s] -- Detecting CXX compile features
[1.742s] -- Detecting CXX compile features - done
[1.747s] -- Found ament_cmake: 1.3.14 (/opt/ros/humble/share/ament_cmake/cmake)
[1.853s] -- Found Python3: /usr/bin/python3 (found version "3.10.12") found components: Interpreter 
[1.941s] -- Found rosidl_default_generators: 1.2.1 (/opt/ros/humble/share/rosidl_default_generators/cmake)
[1.945s] -- Using all available rosidl_typesupport_c: rosidl_typesupport_fastrtps_c;rosidl_typesupport_introspection_c
[1.952s] -- Found rosidl_adapter: 3.1.8 (/opt/ros/humble/share/rosidl_adapter/cmake)
[2.147s] -- Using all available rosidl_typesupport_cpp: rosidl_typesupport_fastrtps_cpp;rosidl_typesupport_introspection_cpp
[2.372s] -- Found ament_cmake_ros: 0.10.0 (/opt/ros/humble/share/ament_cmake_ros/cmake)
[2.501s] -- Using all available rosidl_typesupport_c: rosidl_typesupport_fastrtps_c;rosidl_typesupport_introspection_c
[2.673s] -- Using all available rosidl_typesupport_cpp: rosidl_typesupport_fastrtps_cpp;rosidl_typesupport_introspection_cpp
[2.835s] -- Found PythonInterp: /usr/bin/python3 (found suitable version "3.10.12", minimum required is "3.6") 
[2.836s] -- Found python_cmake_module: 0.10.0 (/opt/ros/humble/share/python_cmake_module/cmake)
[3.381s] -- Found PythonLibs: /usr/lib/x86_64-linux-gnu/libpython3.10.so (found suitable version "3.10.12", minimum required is "3.5") 
[3.381s] -- Using PYTHON_EXECUTABLE: /usr/bin/python3
[3.381s] -- Using PYTHON_INCLUDE_DIRS: /usr/include/python3.10
[3.381s] -- Using PYTHON_LIBRARIES: /usr/lib/x86_64-linux-gnu/libpython3.10.so
[3.407s] -- Found PythonExtra: .so  
[3.538s] -- Configuring done
[3.566s] -- Generating done
[3.574s] -- Build files have been written to: /home/george/ros2_ws/build/turtle_interfaces
[3.582s] Invoked command in '/home/george/ros2_ws/build/turtle_interfaces' returned '0': CMAKE_PREFIX_PATH=/opt/ros/humble /usr/bin/cmake /home/george/ros2_ws/src/turtle_interfaces -DCMAKE_INSTALL_PREFIX=/home/george/ros2_ws/install/turtle_interfaces
[3.582s] Invoking command in '/home/george/ros2_ws/build/turtle_interfaces': CMAKE_PREFIX_PATH=/opt/ros/humble /usr/bin/cmake --build /home/george/ros2_ws/build/turtle_interfaces -- -j16 -l16
[3.609s] [  3%] Generating C code for ROS interfaces
[3.618s] [  6%] Generating C++ code for ROS interfaces
[3.619s] [  9%] Generating Rust code for ROS interfaces
[3.636s] [  9%] Built target ament_cmake_python_copy_turtle_interfaces
[3.873s] [  9%] Built target turtle_interfaces__rs
[3.880s] running egg_info
[3.880s] creating turtle_interfaces.egg-info
[3.880s] writing turtle_interfaces.egg-info/PKG-INFO
[3.880s] writing dependency_links to turtle_interfaces.egg-info/dependency_links.txt
[3.880s] writing top-level names to turtle_interfaces.egg-info/top_level.txt
[3.881s] writing manifest file 'turtle_interfaces.egg-info/SOURCES.txt'
[3.882s] reading manifest file 'turtle_interfaces.egg-info/SOURCES.txt'
[3.882s] writing manifest file 'turtle_interfaces.egg-info/SOURCES.txt'
[3.904s] [  9%] Built target ament_cmake_python_build_turtle_interfaces_egg
[3.912s] [ 12%] Building C object CMakeFiles/turtle_interfaces__rosidl_generator_c.dir/rosidl_generator_c/turtle_interfaces/srv/detail/shape_command__functions.c.o
[3.914s] [ 12%] Built target turtle_interfaces__cpp
[3.921s] [ 15%] Generating C++ type support dispatch for ROS interfaces
[3.921s] [ 18%] Generating C++ introspection for ROS interfaces
[3.921s] [ 21%] Generating C++ type support for eProsima Fast-RTPS
[3.977s] [ 25%] Linking C shared library libturtle_interfaces__rosidl_generator_c.so
[4.104s] [ 28%] Building CXX object CMakeFiles/turtle_interfaces__rosidl_typesupport_cpp.dir/rosidl_typesupport_cpp/turtle_interfaces/srv/shape_command__type_support.cpp.o
[4.131s] [ 31%] Building CXX object CMakeFiles/turtle_interfaces__rosidl_typesupport_introspection_cpp.dir/rosidl_typesupport_introspection_cpp/turtle_interfaces/srv/detail/shape_command__type_support.cpp.o
[4.131s] [ 31%] Built target turtle_interfaces__rosidl_generator_c
[4.136s] [ 34%] Building CXX object CMakeFiles/turtle_interfaces__rosidl_typesupport_fastrtps_cpp.dir/rosidl_typesupport_fastrtps_cpp/turtle_interfaces/srv/detail/dds_fastrtps/shape_command__type_support.cpp.o
[4.139s] [ 37%] Generating C introspection for ROS interfaces
[4.140s] [ 40%] Generating C type support for eProsima Fast-RTPS
[4.140s] [ 43%] Generating C type support dispatch for ROS interfaces
[4.415s] [ 46%] Building CXX object CMakeFiles/turtle_interfaces__rosidl_typesupport_c.dir/rosidl_typesupport_c/turtle_interfaces/srv/shape_command__type_support.cpp.o
[4.416s] [ 50%] Building CXX object CMakeFiles/turtle_interfaces__rosidl_typesupport_fastrtps_c.dir/rosidl_typesupport_fastrtps_c/turtle_interfaces/srv/detail/shape_command__type_support_c.cpp.o
[4.435s] [ 53%] Building C object CMakeFiles/turtle_interfaces__rosidl_typesupport_introspection_c.dir/rosidl_typesupport_introspection_c/turtle_interfaces/srv/detail/shape_command__type_support.c.o
[4.446s] [ 56%] Linking CXX shared library libturtle_interfaces__rosidl_typesupport_cpp.so
[4.447s] [ 59%] Linking CXX shared library libturtle_interfaces__rosidl_typesupport_c.so
[4.476s] [ 62%] Linking C shared library libturtle_interfaces__rosidl_typesupport_introspection_c.so
[4.557s] [ 65%] Linking CXX shared library libturtle_interfaces__rosidl_typesupport_introspection_cpp.so
[4.570s] [ 65%] Built target turtle_interfaces__rosidl_typesupport_c
[4.573s] [ 65%] Built target turtle_interfaces__rosidl_typesupport_cpp
[4.605s] [ 68%] Linking CXX shared library libturtle_interfaces__rosidl_typesupport_fastrtps_cpp.so
[4.631s] [ 68%] Built target turtle_interfaces__rosidl_typesupport_introspection_c
[4.710s] [ 71%] Linking CXX shared library libturtle_interfaces__rosidl_typesupport_fastrtps_c.so
[4.734s] [ 71%] Built target turtle_interfaces__rosidl_typesupport_introspection_cpp
[4.783s] [ 71%] Built target turtle_interfaces__rosidl_typesupport_fastrtps_cpp
[4.877s] [ 71%] Built target turtle_interfaces__rosidl_typesupport_fastrtps_c
[4.892s] [ 71%] Built target turtle_interfaces
[4.906s] [ 75%] Generating Python code for ROS interfaces
[5.152s] [ 75%] Built target turtle_interfaces__py
[5.165s] [ 78%] Building C object CMakeFiles/turtle_interfaces__rosidl_generator_py.dir/rosidl_generator_py/turtle_interfaces/srv/_shape_command_s.c.o
[5.276s] [ 81%] Linking C shared library rosidl_generator_py/turtle_interfaces/libturtle_interfaces__rosidl_generator_py.so
[5.402s] [ 81%] Built target turtle_interfaces__rosidl_generator_py
[5.417s] [ 84%] Building C object CMakeFiles/turtle_interfaces__rosidl_typesupport_fastrtps_c__pyext.dir/rosidl_generator_py/turtle_interfaces/_turtle_interfaces_s.ep.rosidl_typesupport_fastrtps_c.c.o
[5.418s] [ 87%] Building C object CMakeFiles/turtle_interfaces__rosidl_typesupport_c__pyext.dir/rosidl_generator_py/turtle_interfaces/_turtle_interfaces_s.ep.rosidl_typesupport_c.c.o
[5.418s] [ 90%] Building C object CMakeFiles/turtle_interfaces__rosidl_typesupport_introspection_c__pyext.dir/rosidl_generator_py/turtle_interfaces/_turtle_interfaces_s.ep.rosidl_typesupport_introspection_c.c.o
[5.495s] [ 93%] Linking C shared library rosidl_generator_py/turtle_interfaces/turtle_interfaces_s__rosidl_typesupport_introspection_c.cpython-310-x86_64-linux-gnu.so
[5.501s] [ 96%] Linking C shared library rosidl_generator_py/turtle_interfaces/turtle_interfaces_s__rosidl_typesupport_fastrtps_c.cpython-310-x86_64-linux-gnu.so
[5.508s] [100%] Linking C shared library rosidl_generator_py/turtle_interfaces/turtle_interfaces_s__rosidl_typesupport_c.cpython-310-x86_64-linux-gnu.so
[5.615s] [100%] Built target turtle_interfaces__rosidl_typesupport_introspection_c__pyext
[5.615s] [100%] Built target turtle_interfaces__rosidl_typesupport_fastrtps_c__pyext
[5.655s] [100%] Built target turtle_interfaces__rosidl_typesupport_c__pyext
[5.663s] Invoked command in '/home/george/ros2_ws/build/turtle_interfaces' returned '0': CMAKE_PREFIX_PATH=/opt/ros/humble /usr/bin/cmake --build /home/george/ros2_ws/build/turtle_interfaces -- -j16 -l16
[5.670s] Invoking command in '/home/george/ros2_ws/build/turtle_interfaces': CMAKE_PREFIX_PATH=/opt/ros/humble /usr/bin/cmake --install /home/george/ros2_ws/build/turtle_interfaces
[5.675s] -- Install configuration: ""
[5.676s] -- Installing: /home/george/ros2_ws/install/turtle_interfaces/share/ament_index/resource_index/rosidl_interfaces/turtle_interfaces
[5.676s] -- Installing: /home/george/ros2_ws/install/turtle_interfaces/include/turtle_interfaces/turtle_interfaces
[5.676s] -- Installing: /home/george/ros2_ws/install/turtle_interfaces/include/turtle_interfaces/turtle_interfaces/srv
[5.676s] -- Installing: /home/george/ros2_ws/install/turtle_interfaces/include/turtle_interfaces/turtle_interfaces/srv/detail
[5.676s] -- Installing: /home/george/ros2_ws/install/turtle_interfaces/include/turtle_interfaces/turtle_interfaces/srv/detail/shape_command__type_support.h
[5.677s] -- Installing: /home/george/ros2_ws/install/turtle_interfaces/include/turtle_interfaces/turtle_interfaces/srv/detail/shape_command__struct.h
[5.677s] -- Installing: /home/george/ros2_ws/install/turtle_interfaces/include/turtle_interfaces/turtle_interfaces/srv/detail/shape_command__functions.c
[5.677s] -- Installing: /home/george/ros2_ws/install/turtle_interfaces/include/turtle_interfaces/turtle_interfaces/srv/detail/shape_command__functions.h
[5.677s] -- Installing: /home/george/ros2_ws/install/turtle_interfaces/include/turtle_interfaces/turtle_interfaces/srv/shape_command.h
[5.677s] -- Installing: /home/george/ros2_ws/install/turtle_interfaces/include/turtle_interfaces/turtle_interfaces/msg
[5.677s] -- Installing: /home/george/ros2_ws/install/turtle_interfaces/include/turtle_interfaces/turtle_interfaces/msg/rosidl_generator_c__visibility_control.h
[5.678s] -- Installing: /home/george/ros2_ws/install/turtle_interfaces/share/turtle_interfaces/environment/library_path.sh
[5.678s] -- Installing: /home/george/ros2_ws/install/turtle_interfaces/share/turtle_interfaces/environment/library_path.dsv
[5.678s] -- Installing: /home/george/ros2_ws/install/turtle_interfaces/lib/libturtle_interfaces__rosidl_generator_c.so
[5.678s] -- Set runtime path of "/home/george/ros2_ws/install/turtle_interfaces/lib/libturtle_interfaces__rosidl_generator_c.so" to ""
[5.679s] -- Up-to-date: /home/george/ros2_ws/install/turtle_interfaces/include/turtle_interfaces/turtle_interfaces
[5.679s] -- Up-to-date: /home/george/ros2_ws/install/turtle_interfaces/include/turtle_interfaces/turtle_interfaces/srv
[5.679s] -- Up-to-date: /home/george/ros2_ws/install/turtle_interfaces/include/turtle_interfaces/turtle_interfaces/srv/detail
[5.679s] -- Installing: /home/george/ros2_ws/install/turtle_interfaces/include/turtle_interfaces/turtle_interfaces/srv/detail/shape_command__rosidl_typesupport_fastrtps_c.h
[5.679s] -- Up-to-date: /home/george/ros2_ws/install/turtle_interfaces/include/turtle_interfaces/turtle_interfaces/msg
[5.679s] -- Installing: /home/george/ros2_ws/install/turtle_interfaces/include/turtle_interfaces/turtle_interfaces/msg/rosidl_typesupport_fastrtps_c__visibility_control.h
[5.679s] -- Installing: /home/george/ros2_ws/install/turtle_interfaces/lib/libturtle_interfaces__rosidl_typesupport_fastrtps_c.so
[5.679s] -- Set runtime path of "/home/george/ros2_ws/install/turtle_interfaces/lib/libturtle_interfaces__rosidl_typesupport_fastrtps_c.so" to ""
[5.679s] -- Up-to-date: /home/george/ros2_ws/install/turtle_interfaces/include/turtle_interfaces/turtle_interfaces
[5.680s] -- Up-to-date: /home/george/ros2_ws/install/turtle_interfaces/include/turtle_interfaces/turtle_interfaces/srv
[5.680s] -- Up-to-date: /home/george/ros2_ws/install/turtle_interfaces/include/turtle_interfaces/turtle_interfaces/srv/detail
[5.680s] -- Installing: /home/george/ros2_ws/install/turtle_interfaces/include/turtle_interfaces/turtle_interfaces/srv/detail/shape_command__rosidl_typesupport_introspection_c.h
[5.680s] -- Installing: /home/george/ros2_ws/install/turtle_interfaces/include/turtle_interfaces/turtle_interfaces/srv/detail/shape_command__type_support.c
[5.680s] -- Up-to-date: /home/george/ros2_ws/install/turtle_interfaces/include/turtle_interfaces/turtle_interfaces/msg
[5.680s] -- Installing: /home/george/ros2_ws/install/turtle_interfaces/include/turtle_interfaces/turtle_interfaces/msg/rosidl_typesupport_introspection_c__visibility_control.h
[5.680s] -- Installing: /home/george/ros2_ws/install/turtle_interfaces/lib/libturtle_interfaces__rosidl_typesupport_introspection_c.so
[5.680s] -- Set runtime path of "/home/george/ros2_ws/install/turtle_interfaces/lib/libturtle_interfaces__rosidl_typesupport_introspection_c.so" to ""
[5.680s] -- Installing: /home/george/ros2_ws/install/turtle_interfaces/lib/libturtle_interfaces__rosidl_typesupport_c.so
[5.680s] -- Set runtime path of "/home/george/ros2_ws/install/turtle_interfaces/lib/libturtle_interfaces__rosidl_typesupport_c.so" to ""
[5.680s] -- Up-to-date: /home/george/ros2_ws/install/turtle_interfaces/include/turtle_interfaces/turtle_interfaces
[5.681s] -- Up-to-date: /home/george/ros2_ws/install/turtle_interfaces/include/turtle_interfaces/turtle_interfaces/srv
[5.681s] -- Up-to-date: /home/george/ros2_ws/install/turtle_interfaces/include/turtle_interfaces/turtle_interfaces/srv/detail
[5.681s] -- Installing: /home/george/ros2_ws/install/turtle_interfaces/include/turtle_interfaces/turtle_interfaces/srv/detail/shape_command__builder.hpp
[5.681s] -- Installing: /home/george/ros2_ws/install/turtle_interfaces/include/turtle_interfaces/turtle_interfaces/srv/detail/shape_command__struct.hpp
[5.681s] -- Installing: /home/george/ros2_ws/install/turtle_interfaces/include/turtle_interfaces/turtle_interfaces/srv/detail/shape_command__traits.hpp
[5.681s] -- Installing: /home/george/ros2_ws/install/turtle_interfaces/include/turtle_interfaces/turtle_interfaces/srv/detail/shape_command__type_support.hpp
[5.681s] -- Installing: /home/george/ros2_ws/install/turtle_interfaces/include/turtle_interfaces/turtle_interfaces/srv/shape_command.hpp
[5.681s] -- Up-to-date: /home/george/ros2_ws/install/turtle_interfaces/include/turtle_interfaces/turtle_interfaces/msg
[5.681s] -- Installing: /home/george/ros2_ws/install/turtle_interfaces/include/turtle_interfaces/turtle_interfaces/msg/rosidl_generator_cpp__visibility_control.hpp
[5.682s] -- Up-to-date: /home/george/ros2_ws/install/turtle_interfaces/include/turtle_interfaces/turtle_interfaces
[5.682s] -- Up-to-date: /home/george/ros2_ws/install/turtle_interfaces/include/turtle_interfaces/turtle_interfaces/srv
[5.682s] -- Up-to-date: /home/george/ros2_ws/install/turtle_interfaces/include/turtle_interfaces/turtle_interfaces/srv/detail
[5.682s] -- Installing: /home/george/ros2_ws/install/turtle_interfaces/include/turtle_interfaces/turtle_interfaces/srv/detail/shape_command__rosidl_typesupport_fastrtps_cpp.hpp
[5.682s] -- Installing: /home/george/ros2_ws/install/turtle_interfaces/include/turtle_interfaces/turtle_interfaces/srv/detail/dds_fastrtps
[5.682s] -- Up-to-date: /home/george/ros2_ws/install/turtle_interfaces/include/turtle_interfaces/turtle_interfaces/msg
[5.682s] -- Installing: /home/george/ros2_ws/install/turtle_interfaces/include/turtle_interfaces/turtle_interfaces/msg/rosidl_typesupport_fastrtps_cpp__visibility_control.h
[5.682s] -- Installing: /home/george/ros2_ws/install/turtle_interfaces/lib/libturtle_interfaces__rosidl_typesupport_fastrtps_cpp.so
[5.682s] -- Set runtime path of "/home/george/ros2_ws/install/turtle_interfaces/lib/libturtle_interfaces__rosidl_typesupport_fastrtps_cpp.so" to ""
[5.682s] -- Up-to-date: /home/george/ros2_ws/install/turtle_interfaces/include/turtle_interfaces/turtle_interfaces
[5.682s] -- Up-to-date: /home/george/ros2_ws/install/turtle_interfaces/include/turtle_interfaces/turtle_interfaces/srv
[5.682s] -- Up-to-date: /home/george/ros2_ws/install/turtle_interfaces/include/turtle_interfaces/turtle_interfaces/srv/detail
[5.682s] -- Installing: /home/george/ros2_ws/install/turtle_interfaces/include/turtle_interfaces/turtle_interfaces/srv/detail/shape_command__type_support.cpp
[5.682s] -- Installing: /home/george/ros2_ws/install/turtle_interfaces/include/turtle_interfaces/turtle_interfaces/srv/detail/shape_command__rosidl_typesupport_introspection_cpp.hpp
[5.682s] -- Installing: /home/george/ros2_ws/install/turtle_interfaces/lib/libturtle_interfaces__rosidl_typesupport_introspection_cpp.so
[5.682s] -- Set runtime path of "/home/george/ros2_ws/install/turtle_interfaces/lib/libturtle_interfaces__rosidl_typesupport_introspection_cpp.so" to ""
[5.682s] -- Installing: /home/george/ros2_ws/install/turtle_interfaces/lib/libturtle_interfaces__rosidl_typesupport_cpp.so
[5.682s] -- Set runtime path of "/home/george/ros2_ws/install/turtle_interfaces/lib/libturtle_interfaces__rosidl_typesupport_cpp.so" to ""
[5.683s] -- Installing: /home/george/ros2_ws/install/turtle_interfaces/share/turtle_interfaces/environment/pythonpath.sh
[5.683s] -- Installing: /home/george/ros2_ws/install/turtle_interfaces/share/turtle_interfaces/environment/pythonpath.dsv
[5.683s] -- Installing: /home/george/ros2_ws/install/turtle_interfaces/local/lib/python3.10/dist-packages/turtle_interfaces-0.0.0-py3.10.egg-info
[5.683s] -- Installing: /home/george/ros2_ws/install/turtle_interfaces/local/lib/python3.10/dist-packages/turtle_interfaces-0.0.0-py3.10.egg-info/PKG-INFO
[5.683s] -- Installing: /home/george/ros2_ws/install/turtle_interfaces/local/lib/python3.10/dist-packages/turtle_interfaces-0.0.0-py3.10.egg-info/top_level.txt
[5.683s] -- Installing: /home/george/ros2_ws/install/turtle_interfaces/local/lib/python3.10/dist-packages/turtle_interfaces-0.0.0-py3.10.egg-info/SOURCES.txt
[5.683s] -- Installing: /home/george/ros2_ws/install/turtle_interfaces/local/lib/python3.10/dist-packages/turtle_interfaces-0.0.0-py3.10.egg-info/dependency_links.txt
[5.683s] -- Installing: /home/george/ros2_ws/install/turtle_interfaces/local/lib/python3.10/dist-packages/turtle_interfaces
[5.684s] -- Installing: /home/george/ros2_ws/install/turtle_interfaces/local/lib/python3.10/dist-packages/turtle_interfaces/libturtle_interfaces__rosidl_generator_py.so
[5.684s] -- Installing: /home/george/ros2_ws/install/turtle_interfaces/local/lib/python3.10/dist-packages/turtle_interfaces/_turtle_interfaces_s.ep.rosidl_typesupport_c.c
[5.684s] -- Installing: /home/george/ros2_ws/install/turtle_interfaces/local/lib/python3.10/dist-packages/turtle_interfaces/srv
[5.684s] -- Installing: /home/george/ros2_ws/install/turtle_interfaces/local/lib/python3.10/dist-packages/turtle_interfaces/srv/_shape_command_s.c
[5.684s] -- Installing: /home/george/ros2_ws/install/turtle_interfaces/local/lib/python3.10/dist-packages/turtle_interfaces/srv/_shape_command.py
[5.684s] -- Installing: /home/george/ros2_ws/install/turtle_interfaces/local/lib/python3.10/dist-packages/turtle_interfaces/srv/__init__.py
[5.684s] -- Installing: /home/george/ros2_ws/install/turtle_interfaces/local/lib/python3.10/dist-packages/turtle_interfaces/turtle_interfaces_s__rosidl_typesupport_c.cpython-310-x86_64-linux-gnu.so
[5.684s] -- Installing: /home/george/ros2_ws/install/turtle_interfaces/local/lib/python3.10/dist-packages/turtle_interfaces/_turtle_interfaces_s.ep.rosidl_typesupport_introspection_c.c
[5.684s] -- Installing: /home/george/ros2_ws/install/turtle_interfaces/local/lib/python3.10/dist-packages/turtle_interfaces/turtle_interfaces_s__rosidl_typesupport_fastrtps_c.cpython-310-x86_64-linux-gnu.so
[5.684s] -- Installing: /home/george/ros2_ws/install/turtle_interfaces/local/lib/python3.10/dist-packages/turtle_interfaces/turtle_interfaces_s__rosidl_typesupport_introspection_c.cpython-310-x86_64-linux-gnu.so
[5.684s] -- Installing: /home/george/ros2_ws/install/turtle_interfaces/local/lib/python3.10/dist-packages/turtle_interfaces/__init__.py
[5.685s] -- Installing: /home/george/ros2_ws/install/turtle_interfaces/local/lib/python3.10/dist-packages/turtle_interfaces/_turtle_interfaces_s.ep.rosidl_typesupport_fastrtps_c.c
[5.709s] Listing '/home/george/ros2_ws/install/turtle_interfaces/local/lib/python3.10/dist-packages/turtle_interfaces'...
[5.709s] Compiling '/home/george/ros2_ws/install/turtle_interfaces/local/lib/python3.10/dist-packages/turtle_interfaces/__init__.py'...
[5.709s] Listing '/home/george/ros2_ws/install/turtle_interfaces/local/lib/python3.10/dist-packages/turtle_interfaces/srv'...
[5.709s] Compiling '/home/george/ros2_ws/install/turtle_interfaces/local/lib/python3.10/dist-packages/turtle_interfaces/srv/__init__.py'...
[5.709s] Compiling '/home/george/ros2_ws/install/turtle_interfaces/local/lib/python3.10/dist-packages/turtle_interfaces/srv/_shape_command.py'...
[5.712s] -- Installing: /home/george/ros2_ws/install/turtle_interfaces/local/lib/python3.10/dist-packages/turtle_interfaces/turtle_interfaces_s__rosidl_typesupport_fastrtps_c.cpython-310-x86_64-linux-gnu.so
[5.712s] -- Set runtime path of "/home/george/ros2_ws/install/turtle_interfaces/local/lib/python3.10/dist-packages/turtle_interfaces/turtle_interfaces_s__rosidl_typesupport_fastrtps_c.cpython-310-x86_64-linux-gnu.so" to ""
[5.712s] -- Installing: /home/george/ros2_ws/install/turtle_interfaces/local/lib/python3.10/dist-packages/turtle_interfaces/turtle_interfaces_s__rosidl_typesupport_introspection_c.cpython-310-x86_64-linux-gnu.so
[5.712s] -- Set runtime path of "/home/george/ros2_ws/install/turtle_interfaces/local/lib/python3.10/dist-packages/turtle_interfaces/turtle_interfaces_s__rosidl_typesupport_introspection_c.cpython-310-x86_64-linux-gnu.so" to ""
[5.713s] -- Installing: /home/george/ros2_ws/install/turtle_interfaces/local/lib/python3.10/dist-packages/turtle_interfaces/turtle_interfaces_s__rosidl_typesupport_c.cpython-310-x86_64-linux-gnu.so
[5.713s] -- Set runtime path of "/home/george/ros2_ws/install/turtle_interfaces/local/lib/python3.10/dist-packages/turtle_interfaces/turtle_interfaces_s__rosidl_typesupport_c.cpython-310-x86_64-linux-gnu.so" to ""
[5.713s] -- Installing: /home/george/ros2_ws/install/turtle_interfaces/lib/libturtle_interfaces__rosidl_generator_py.so
[5.713s] -- Set runtime path of "/home/george/ros2_ws/install/turtle_interfaces/lib/libturtle_interfaces__rosidl_generator_py.so" to ""
[5.713s] -- Installing: /home/george/ros2_ws/install/turtle_interfaces/share/ament_index/resource_index/rust_packages/turtle_interfaces
[5.713s] -- Installing: /home/george/ros2_ws/install/turtle_interfaces/share/turtle_interfaces/rust
[5.714s] -- Installing: /home/george/ros2_ws/install/turtle_interfaces/share/turtle_interfaces/rust/build.rs
[5.714s] -- Installing: /home/george/ros2_ws/install/turtle_interfaces/share/turtle_interfaces/rust/Cargo.toml
[5.714s] -- Installing: /home/george/ros2_ws/install/turtle_interfaces/share/turtle_interfaces/rust/src
[5.714s] -- Installing: /home/george/ros2_ws/install/turtle_interfaces/share/turtle_interfaces/rust/src/lib.rs
[5.714s] -- Installing: /home/george/ros2_ws/install/turtle_interfaces/share/turtle_interfaces/rust/src/srv
[5.714s] -- Installing: /home/george/ros2_ws/install/turtle_interfaces/share/turtle_interfaces/rust/src/srv/rmw.rs
[5.715s] -- Installing: /home/george/ros2_ws/install/turtle_interfaces/share/turtle_interfaces/rust/src/srv.rs
[5.715s] -- Installing: /home/george/ros2_ws/install/turtle_interfaces/share/turtle_interfaces/srv/ShapeCommand.idl
[5.715s] -- Installing: /home/george/ros2_ws/install/turtle_interfaces/share/turtle_interfaces/srv/ShapeCommand.srv
[5.715s] -- Installing: /home/george/ros2_ws/install/turtle_interfaces/share/turtle_interfaces/srv/ShapeCommand_Request.msg
[5.715s] -- Installing: /home/george/ros2_ws/install/turtle_interfaces/share/turtle_interfaces/srv/ShapeCommand_Response.msg
[5.715s] -- Installing: /home/george/ros2_ws/install/turtle_interfaces/share/ament_index/resource_index/package_run_dependencies/turtle_interfaces
[5.715s] -- Installing: /home/george/ros2_ws/install/turtle_interfaces/share/ament_index/resource_index/parent_prefix_path/turtle_interfaces
[5.716s] -- Installing: /home/george/ros2_ws/install/turtle_interfaces/share/turtle_interfaces/environment/ament_prefix_path.sh
[5.716s] -- Installing: /home/george/ros2_ws/install/turtle_interfaces/share/turtle_interfaces/environment/ament_prefix_path.dsv
[5.716s] -- Installing: /home/george/ros2_ws/install/turtle_interfaces/share/turtle_interfaces/environment/path.sh
[5.716s] -- Installing: /home/george/ros2_ws/install/turtle_interfaces/share/turtle_interfaces/environment/path.dsv
[5.716s] -- Installing: /home/george/ros2_ws/install/turtle_interfaces/share/turtle_interfaces/local_setup.bash
[5.716s] -- Installing: /home/george/ros2_ws/install/turtle_interfaces/share/turtle_interfaces/local_setup.sh
[5.716s] -- Installing: /home/george/ros2_ws/install/turtle_interfaces/share/turtle_interfaces/local_setup.zsh
[5.716s] -- Installing: /home/george/ros2_ws/install/turtle_interfaces/share/turtle_interfaces/local_setup.dsv
[5.716s] -- Installing: /home/george/ros2_ws/install/turtle_interfaces/share/turtle_interfaces/package.dsv
[5.716s] -- Installing: /home/george/ros2_ws/install/turtle_interfaces/share/ament_index/resource_index/packages/turtle_interfaces
[5.716s] -- Installing: /home/george/ros2_ws/install/turtle_interfaces/share/turtle_interfaces/cmake/export_turtle_interfaces__rosidl_generator_cExport.cmake
[5.716s] -- Installing: /home/george/ros2_ws/install/turtle_interfaces/share/turtle_interfaces/cmake/export_turtle_interfaces__rosidl_generator_cExport-noconfig.cmake
[5.717s] -- Installing: /home/george/ros2_ws/install/turtle_interfaces/share/turtle_interfaces/cmake/export_turtle_interfaces__rosidl_typesupport_fastrtps_cExport.cmake
[5.717s] -- Installing: /home/george/ros2_ws/install/turtle_interfaces/share/turtle_interfaces/cmake/export_turtle_interfaces__rosidl_typesupport_fastrtps_cExport-noconfig.cmake
[5.717s] -- Installing: /home/george/ros2_ws/install/turtle_interfaces/share/turtle_interfaces/cmake/turtle_interfaces__rosidl_typesupport_introspection_cExport.cmake
[5.717s] -- Installing: /home/george/ros2_ws/install/turtle_interfaces/share/turtle_interfaces/cmake/turtle_interfaces__rosidl_typesupport_introspection_cExport-noconfig.cmake
[5.717s] -- Installing: /home/george/ros2_ws/install/turtle_interfaces/share/turtle_interfaces/cmake/turtle_interfaces__rosidl_typesupport_cExport.cmake
[5.717s] -- Installing: /home/george/ros2_ws/install/turtle_interfaces/share/turtle_interfaces/cmake/turtle_interfaces__rosidl_typesupport_cExport-noconfig.cmake
[5.717s] -- Installing: /home/george/ros2_ws/install/turtle_interfaces/share/turtle_interfaces/cmake/export_turtle_interfaces__rosidl_generator_cppExport.cmake
[5.717s] -- Installing: /home/george/ros2_ws/install/turtle_interfaces/share/turtle_interfaces/cmake/export_turtle_interfaces__rosidl_typesupport_fastrtps_cppExport.cmake
[5.718s] -- Installing: /home/george/ros2_ws/install/turtle_interfaces/share/turtle_interfaces/cmake/export_turtle_interfaces__rosidl_typesupport_fastrtps_cppExport-noconfig.cmake
[5.718s] -- Installing: /home/george/ros2_ws/install/turtle_interfaces/share/turtle_interfaces/cmake/turtle_interfaces__rosidl_typesupport_introspection_cppExport.cmake
[5.718s] -- Installing: /home/george/ros2_ws/install/turtle_interfaces/share/turtle_interfaces/cmake/turtle_interfaces__rosidl_typesupport_introspection_cppExport-noconfig.cmake
[5.718s] -- Installing: /home/george/ros2_ws/install/turtle_interfaces/share/turtle_interfaces/cmake/turtle_interfaces__rosidl_typesupport_cppExport.cmake
[5.719s] -- Installing: /home/george/ros2_ws/install/turtle_interfaces/share/turtle_interfaces/cmake/turtle_interfaces__rosidl_typesupport_cppExport-noconfig.cmake
[5.719s] -- Installing: /home/george/ros2_ws/install/turtle_interfaces/share/turtle_interfaces/cmake/export_turtle_interfaces__rosidl_generator_pyExport.cmake
[5.719s] -- Installing: /home/george/ros2_ws/install/turtle_interfaces/share/turtle_interfaces/cmake/export_turtle_interfaces__rosidl_generator_pyExport-noconfig.cmake
[5.719s] -- Installing: /home/george/ros2_ws/install/turtle_interfaces/share/turtle_interfaces/cmake/rosidl_cmake-extras.cmake
[5.719s] -- Installing: /home/george/ros2_ws/install/turtle_interfaces/share/turtle_interfaces/cmake/ament_cmake_export_include_directories-extras.cmake
[5.719s] -- Installing: /home/george/ros2_ws/install/turtle_interfaces/share/turtle_interfaces/cmake/ament_cmake_export_libraries-extras.cmake
[5.719s] -- Installing: /home/george/ros2_ws/install/turtle_interfaces/share/turtle_interfaces/cmake/ament_cmake_export_targets-extras.cmake
[5.719s] -- Installing: /home/george/ros2_ws/install/turtle_interfaces/share/turtle_interfaces/cmake/rosidl_cmake_export_typesupport_targets-extras.cmake
[5.720s] -- Installing: /home/george/ros2_ws/install/turtle_interfaces/share/turtle_interfaces/cmake/ament_cmake_export_dependencies-extras.cmake
[5.720s] -- Installing: /home/george/ros2_ws/install/turtle_interfaces/share/turtle_interfaces/cmake/rosidl_cmake_export_typesupport_libraries-extras.cmake
[5.720s] -- Installing: /home/george/ros2_ws/install/turtle_interfaces/share/turtle_interfaces/cmake/turtle_interfacesConfig.cmake
[5.720s] -- Installing: /home/george/ros2_ws/install/turtle_interfaces/share/turtle_interfaces/cmake/turtle_interfacesConfig-version.cmake
[5.720s] -- Installing: /home/george/ros2_ws/install/turtle_interfaces/share/turtle_interfaces/package.xml
[5.721s] Invoked command in '/home/george/ros2_ws/build/turtle_interfaces' returned '0': CMAKE_PREFIX_PATH=/opt/ros/humble /usr/bin/cmake --install /home/george/ros2_ws/build/turtle_interfaces
