[0.567s] Invoking command in '/home/george/ros2_ws/src/turtle_controller': PYTHONPATH=/home/george/ros2_ws/build/turtle_controller/prefix_override:/usr/lib/python3/dist-packages/colcon_core/task/python/colcon_distutils_commands:/home/george/ros2_ws/install/turtle_controller/lib/python3.10/site-packages:${PYTHONPATH} /usr/bin/python3 -W ignore:setup.py install is deprecated -W ignore:easy_install command is deprecated setup.py egg_info --egg-base ../../build/turtle_controller build --build-base /home/george/ros2_ws/build/turtle_controller/build install --record /home/george/ros2_ws/build/turtle_controller/install.log --single-version-externally-managed install_data
[0.722s] running egg_info
[0.724s] writing ../../build/turtle_controller/turtle_controller.egg-info/PKG-INFO
[0.724s] writing dependency_links to ../../build/turtle_controller/turtle_controller.egg-info/dependency_links.txt
[0.725s] writing entry points to ../../build/turtle_controller/turtle_controller.egg-info/entry_points.txt
[0.726s] writing requirements to ../../build/turtle_controller/turtle_controller.egg-info/requires.txt
[0.727s] writing top-level names to ../../build/turtle_controller/turtle_controller.egg-info/top_level.txt
[0.728s] reading manifest file '../../build/turtle_controller/turtle_controller.egg-info/SOURCES.txt'
[0.729s] writing manifest file '../../build/turtle_controller/turtle_controller.egg-info/SOURCES.txt'
[0.730s] running build
[0.730s] running build_py
[0.731s] running install
[0.731s] running install_lib
[0.732s] running install_data
[0.732s] running install_egg_info
[0.734s] removing '/home/george/ros2_ws/install/turtle_controller/lib/python3.10/site-packages/turtle_controller-0.0.0-py3.10.egg-info' (and everything under it)
[0.735s] Copying ../../build/turtle_controller/turtle_controller.egg-info to /home/george/ros2_ws/install/turtle_controller/lib/python3.10/site-packages/turtle_controller-0.0.0-py3.10.egg-info
[0.736s] running install_scripts
[0.749s] Installing ILROS = turtle_controller.ThirdMasterPiece:mainstage2_controller script to /home/george/ros2_ws/install/turtle_controller/lib/turtle_controller
[0.750s] Installing butterfly script to /home/george/ros2_ws/install/turtle_controller/lib/turtle_controller
[0.750s] Installing controller script to /home/george/ros2_ws/install/turtle_controller/lib/turtle_controller
[0.750s] Installing racecare script to /home/george/ros2_ws/install/turtle_controller/lib/turtle_controller
[0.750s] writing list of installed files to '/home/george/ros2_ws/build/turtle_controller/install.log'
[0.765s] Invoked command in '/home/george/ros2_ws/src/turtle_controller' returned '0': PYTHONPATH=/home/george/ros2_ws/build/turtle_controller/prefix_override:/usr/lib/python3/dist-packages/colcon_core/task/python/colcon_distutils_commands:/home/george/ros2_ws/install/turtle_controller/lib/python3.10/site-packages:${PYTHONPATH} /usr/bin/python3 -W ignore:setup.py install is deprecated -W ignore:easy_install command is deprecated setup.py egg_info --egg-base ../../build/turtle_controller build --build-base /home/george/ros2_ws/build/turtle_controller/build install --record /home/george/ros2_ws/build/turtle_controller/install.log --single-version-externally-managed install_data
