[0.180s] DEBUG:colcon:Command line arguments: ['/usr/bin/colcon', 'build', '--packages-select', 'turtle_interfaces']
[0.180s] DEBUG:colcon:Parsed command line arguments: Namespace(log_base=None, log_level=None, verb_name='build', build_base='build', install_base='install', merge_install=False, symlink_install=False, test_result_base=None, continue_on_error=False, executor='parallel', parallel_workers=16, event_handlers=None, ignore_user_meta=False, metas=['./colcon.meta'], base_paths=['.'], packages_ignore=None, packages_ignore_regex=None, paths=None, packages_up_to=None, packages_up_to_regex=None, packages_above=None, packages_above_and_dependencies=None, packages_above_depth=None, packages_select_by_dep=None, packages_skip_by_dep=None, packages_skip_up_to=None, packages_select_build_failed=False, packages_skip_build_finished=False, packages_select_test_failures=False, packages_skip_test_passed=False, packages_select=['turtle_interfaces'], packages_skip=None, packages_select_regex=None, packages_skip_regex=None, packages_start=None, packages_end=None, allow_overriding=[], cmake_args=None, cmake_target=None, cmake_target_skip_unavailable=False, cmake_clean_cache=False, cmake_clean_first=False, cmake_force_configure=False, ament_cmake_args=None, catkin_cmake_args=None, catkin_skip_building_tests=False, mixin_files=None, mixin=None, verb_parser=<colcon_mixin.mixin.mixin_argument.MixinArgumentDecorator object at 0x7f770f95d4b0>, verb_extension=<colcon_core.verb.build.BuildVerb object at 0x7f770f95ca30>, main=<bound method BuildVerb.main of <colcon_core.verb.build.BuildVerb object at 0x7f770f95ca30>>, mixin_verb=('build',))
[0.303s] Level 1:colcon.colcon_core.package_discovery:discover_packages(colcon_meta) check parameters
[0.303s] Level 1:colcon.colcon_core.package_discovery:discover_packages(recursive) check parameters
[0.303s] Level 1:colcon.colcon_core.package_discovery:discover_packages(ignore) check parameters
[0.303s] Level 1:colcon.colcon_core.package_discovery:discover_packages(path) check parameters
[0.303s] Level 1:colcon.colcon_core.package_discovery:discover_packages(colcon_meta) discover
[0.303s] Level 1:colcon.colcon_core.package_discovery:discover_packages(recursive) discover
[0.303s] INFO:colcon.colcon_core.package_discovery:Crawling recursively for packages in '/home/george/ros2_ws'
[0.303s] Level 1:colcon.colcon_core.package_identification:_identify(.) by extensions ['ignore', 'ignore_ament_install']
[0.303s] Level 1:colcon.colcon_core.package_identification:_identify(.) by extension 'ignore'
[0.303s] Level 1:colcon.colcon_core.package_identification:_identify(.) by extension 'ignore_ament_install'
[0.303s] Level 1:colcon.colcon_core.package_identification:_identify(.) by extensions ['colcon_pkg']
[0.303s] Level 1:colcon.colcon_core.package_identification:_identify(.) by extension 'colcon_pkg'
[0.303s] Level 1:colcon.colcon_core.package_identification:_identify(.) by extensions ['colcon_meta']
[0.303s] Level 1:colcon.colcon_core.package_identification:_identify(.) by extension 'colcon_meta'
[0.303s] Level 1:colcon.colcon_core.package_identification:_identify(.) by extensions ['ros']
[0.303s] Level 1:colcon.colcon_core.package_identification:_identify(.) by extension 'ros'
[0.315s] Level 1:colcon.colcon_core.package_identification:_identify(.) by extensions ['cmake', 'python']
[0.315s] Level 1:colcon.colcon_core.package_identification:_identify(.) by extension 'cmake'
[0.315s] Level 1:colcon.colcon_core.package_identification:_identify(.) by extension 'python'
[0.315s] Level 1:colcon.colcon_core.package_identification:_identify(.) by extensions ['python_setup_py']
[0.315s] Level 1:colcon.colcon_core.package_identification:_identify(.) by extension 'python_setup_py'
[0.315s] Level 1:colcon.colcon_core.package_identification:_identify(build) by extensions ['ignore', 'ignore_ament_install']
[0.315s] Level 1:colcon.colcon_core.package_identification:_identify(build) by extension 'ignore'
[0.315s] Level 1:colcon.colcon_core.package_identification:_identify(build) ignored
[0.315s] Level 1:colcon.colcon_core.package_identification:_identify(install) by extensions ['ignore', 'ignore_ament_install']
[0.315s] Level 1:colcon.colcon_core.package_identification:_identify(install) by extension 'ignore'
[0.315s] Level 1:colcon.colcon_core.package_identification:_identify(install) ignored
[0.315s] Level 1:colcon.colcon_core.package_identification:_identify(log) by extensions ['ignore', 'ignore_ament_install']
[0.315s] Level 1:colcon.colcon_core.package_identification:_identify(log) by extension 'ignore'
[0.315s] Level 1:colcon.colcon_core.package_identification:_identify(log) ignored
[0.315s] Level 1:colcon.colcon_core.package_identification:_identify(src) by extensions ['ignore', 'ignore_ament_install']
[0.315s] Level 1:colcon.colcon_core.package_identification:_identify(src) by extension 'ignore'
[0.315s] Level 1:colcon.colcon_core.package_identification:_identify(src) by extension 'ignore_ament_install'
[0.315s] Level 1:colcon.colcon_core.package_identification:_identify(src) by extensions ['colcon_pkg']
[0.315s] Level 1:colcon.colcon_core.package_identification:_identify(src) by extension 'colcon_pkg'
[0.315s] Level 1:colcon.colcon_core.package_identification:_identify(src) by extensions ['colcon_meta']
[0.316s] Level 1:colcon.colcon_core.package_identification:_identify(src) by extension 'colcon_meta'
[0.316s] Level 1:colcon.colcon_core.package_identification:_identify(src) by extensions ['ros']
[0.316s] Level 1:colcon.colcon_core.package_identification:_identify(src) by extension 'ros'
[0.316s] Level 1:colcon.colcon_core.package_identification:_identify(src) by extensions ['cmake', 'python']
[0.316s] Level 1:colcon.colcon_core.package_identification:_identify(src) by extension 'cmake'
[0.316s] Level 1:colcon.colcon_core.package_identification:_identify(src) by extension 'python'
[0.316s] Level 1:colcon.colcon_core.package_identification:_identify(src) by extensions ['python_setup_py']
[0.316s] Level 1:colcon.colcon_core.package_identification:_identify(src) by extension 'python_setup_py'
[0.316s] Level 1:colcon.colcon_core.package_identification:_identify(src/my_first_node) by extensions ['ignore', 'ignore_ament_install']
[0.316s] Level 1:colcon.colcon_core.package_identification:_identify(src/my_first_node) by extension 'ignore'
[0.316s] Level 1:colcon.colcon_core.package_identification:_identify(src/my_first_node) by extension 'ignore_ament_install'
[0.316s] Level 1:colcon.colcon_core.package_identification:_identify(src/my_first_node) by extensions ['colcon_pkg']
[0.316s] Level 1:colcon.colcon_core.package_identification:_identify(src/my_first_node) by extension 'colcon_pkg'
[0.316s] Level 1:colcon.colcon_core.package_identification:_identify(src/my_first_node) by extensions ['colcon_meta']
[0.316s] Level 1:colcon.colcon_core.package_identification:_identify(src/my_first_node) by extension 'colcon_meta'
[0.316s] Level 1:colcon.colcon_core.package_identification:_identify(src/my_first_node) by extensions ['ros']
[0.316s] Level 1:colcon.colcon_core.package_identification:_identify(src/my_first_node) by extension 'ros'
[0.316s] Level 1:colcon.colcon_core.package_identification:_identify(src/my_first_node) by extensions ['cmake', 'python']
[0.316s] Level 1:colcon.colcon_core.package_identification:_identify(src/my_first_node) by extension 'cmake'
[0.316s] Level 1:colcon.colcon_core.package_identification:_identify(src/my_first_node) by extension 'python'
[0.316s] Level 1:colcon.colcon_core.package_identification:_identify(src/my_first_node) by extensions ['python_setup_py']
[0.316s] Level 1:colcon.colcon_core.package_identification:_identify(src/my_first_node) by extension 'python_setup_py'
[0.316s] Level 1:colcon.colcon_core.package_identification:_identify(src/turtle_controller) by extensions ['ignore', 'ignore_ament_install']
[0.316s] Level 1:colcon.colcon_core.package_identification:_identify(src/turtle_controller) by extension 'ignore'
[0.316s] Level 1:colcon.colcon_core.package_identification:_identify(src/turtle_controller) by extension 'ignore_ament_install'
[0.316s] Level 1:colcon.colcon_core.package_identification:_identify(src/turtle_controller) by extensions ['colcon_pkg']
[0.316s] Level 1:colcon.colcon_core.package_identification:_identify(src/turtle_controller) by extension 'colcon_pkg'
[0.316s] Level 1:colcon.colcon_core.package_identification:_identify(src/turtle_controller) by extensions ['colcon_meta']
[0.316s] Level 1:colcon.colcon_core.package_identification:_identify(src/turtle_controller) by extension 'colcon_meta'
[0.316s] Level 1:colcon.colcon_core.package_identification:_identify(src/turtle_controller) by extensions ['ros']
[0.316s] Level 1:colcon.colcon_core.package_identification:_identify(src/turtle_controller) by extension 'ros'
[0.318s] DEBUG:colcon.colcon_core.package_identification:Package 'src/turtle_controller' with type 'ros.ament_python' and name 'turtle_controller'
[0.318s] Level 1:colcon.colcon_core.package_identification:_identify(src/turtle_interfaces) by extensions ['ignore', 'ignore_ament_install']
[0.318s] Level 1:colcon.colcon_core.package_identification:_identify(src/turtle_interfaces) by extension 'ignore'
[0.319s] Level 1:colcon.colcon_core.package_identification:_identify(src/turtle_interfaces) by extension 'ignore_ament_install'
[0.319s] Level 1:colcon.colcon_core.package_identification:_identify(src/turtle_interfaces) by extensions ['colcon_pkg']
[0.319s] Level 1:colcon.colcon_core.package_identification:_identify(src/turtle_interfaces) by extension 'colcon_pkg'
[0.319s] Level 1:colcon.colcon_core.package_identification:_identify(src/turtle_interfaces) by extensions ['colcon_meta']
[0.319s] Level 1:colcon.colcon_core.package_identification:_identify(src/turtle_interfaces) by extension 'colcon_meta'
[0.319s] Level 1:colcon.colcon_core.package_identification:_identify(src/turtle_interfaces) by extensions ['ros']
[0.319s] Level 1:colcon.colcon_core.package_identification:_identify(src/turtle_interfaces) by extension 'ros'
[0.319s] DEBUG:colcon.colcon_core.package_identification:Package 'src/turtle_interfaces' with type 'ros.ament_cmake' and name 'turtle_interfaces'
[0.319s] Level 1:colcon.colcon_core.package_discovery:discover_packages(recursive) using defaults
[0.319s] Level 1:colcon.colcon_core.package_discovery:discover_packages(ignore) discover
[0.319s] Level 1:colcon.colcon_core.package_discovery:discover_packages(ignore) using defaults
[0.319s] Level 1:colcon.colcon_core.package_discovery:discover_packages(path) discover
[0.319s] Level 1:colcon.colcon_core.package_discovery:discover_packages(path) using defaults
[0.343s] INFO:colcon.colcon_core.package_selection:Skipping not selected package 'turtle_controller' in 'src/turtle_controller'
[0.343s] Level 1:colcon.colcon_core.package_discovery:discover_packages(prefix_path) check parameters
[0.343s] Level 1:colcon.colcon_core.package_discovery:discover_packages(prefix_path) discover
[0.344s] DEBUG:colcon.colcon_installed_package_information.package_discovery:Found 286 installed packages in /opt/ros/humble
[0.345s] Level 1:colcon.colcon_core.package_discovery:discover_packages(prefix_path) using defaults
[0.373s] Level 5:colcon.colcon_core.verb:set package 'turtle_interfaces' build argument 'cmake_args' from command line to 'None'
[0.373s] Level 5:colcon.colcon_core.verb:set package 'turtle_interfaces' build argument 'cmake_target' from command line to 'None'
[0.373s] Level 5:colcon.colcon_core.verb:set package 'turtle_interfaces' build argument 'cmake_target_skip_unavailable' from command line to 'False'
[0.373s] Level 5:colcon.colcon_core.verb:set package 'turtle_interfaces' build argument 'cmake_clean_cache' from command line to 'False'
[0.373s] Level 5:colcon.colcon_core.verb:set package 'turtle_interfaces' build argument 'cmake_clean_first' from command line to 'False'
[0.373s] Level 5:colcon.colcon_core.verb:set package 'turtle_interfaces' build argument 'cmake_force_configure' from command line to 'False'
[0.373s] Level 5:colcon.colcon_core.verb:set package 'turtle_interfaces' build argument 'ament_cmake_args' from command line to 'None'
[0.373s] Level 5:colcon.colcon_core.verb:set package 'turtle_interfaces' build argument 'catkin_cmake_args' from command line to 'None'
[0.373s] Level 5:colcon.colcon_core.verb:set package 'turtle_interfaces' build argument 'catkin_skip_building_tests' from command line to 'False'
[0.373s] DEBUG:colcon.colcon_core.verb:Building package 'turtle_interfaces' with the following arguments: {'ament_cmake_args': None, 'build_base': '/home/george/ros2_ws/build/turtle_interfaces', 'catkin_cmake_args': None, 'catkin_skip_building_tests': False, 'cmake_args': None, 'cmake_clean_cache': False, 'cmake_clean_first': False, 'cmake_force_configure': False, 'cmake_target': None, 'cmake_target_skip_unavailable': False, 'install_base': '/home/george/ros2_ws/install/turtle_interfaces', 'merge_install': False, 'path': '/home/george/ros2_ws/src/turtle_interfaces', 'symlink_install': False, 'test_result_base': None}
[0.373s] INFO:colcon.colcon_core.executor:Executing jobs using 'parallel' executor
[0.374s] DEBUG:colcon.colcon_parallel_executor.executor.parallel:run_until_complete
[0.374s] INFO:colcon.colcon_ros.task.ament_cmake.build:Building ROS package in '/home/george/ros2_ws/src/turtle_interfaces' with build type 'ament_cmake'
[0.374s] INFO:colcon.colcon_cmake.task.cmake.build:Building CMake package in '/home/george/ros2_ws/src/turtle_interfaces'
[0.376s] INFO:colcon.colcon_core.plugin_system:Skipping extension 'colcon_core.shell.bat': Not used on non-Windows systems
[0.376s] INFO:colcon.colcon_core.shell:Skip shell extension 'powershell' for command environment: Not usable outside of PowerShell
[0.376s] DEBUG:colcon.colcon_core.shell:Skip shell extension 'dsv' for command environment
[0.385s] DEBUG:colcon.colcon_core.event_handler.log_command:Invoking command in '/home/george/ros2_ws/build/turtle_interfaces': CMAKE_PREFIX_PATH=/opt/ros/humble /usr/bin/cmake /home/george/ros2_ws/src/turtle_interfaces -DCMAKE_INSTALL_PREFIX=/home/george/ros2_ws/install/turtle_interfaces
[3.956s] DEBUG:colcon.colcon_core.event_handler.log_command:Invoked command in '/home/george/ros2_ws/build/turtle_interfaces' returned '0': CMAKE_PREFIX_PATH=/opt/ros/humble /usr/bin/cmake /home/george/ros2_ws/src/turtle_interfaces -DCMAKE_INSTALL_PREFIX=/home/george/ros2_ws/install/turtle_interfaces
[3.957s] DEBUG:colcon.colcon_core.event_handler.log_command:Invoking command in '/home/george/ros2_ws/build/turtle_interfaces': CMAKE_PREFIX_PATH=/opt/ros/humble /usr/bin/cmake --build /home/george/ros2_ws/build/turtle_interfaces -- -j16 -l16
[6.038s] DEBUG:colcon.colcon_core.event_handler.log_command:Invoked command in '/home/george/ros2_ws/build/turtle_interfaces' returned '0': CMAKE_PREFIX_PATH=/opt/ros/humble /usr/bin/cmake --build /home/george/ros2_ws/build/turtle_interfaces -- -j16 -l16
[6.045s] DEBUG:colcon.colcon_core.event_handler.log_command:Invoking command in '/home/george/ros2_ws/build/turtle_interfaces': CMAKE_PREFIX_PATH=/opt/ros/humble /usr/bin/cmake --install /home/george/ros2_ws/build/turtle_interfaces
[6.096s] Level 1:colcon.colcon_core.environment:create_environment_scripts_only(turtle_interfaces)
[6.096s] DEBUG:colcon.colcon_core.event_handler.log_command:Invoked command in '/home/george/ros2_ws/build/turtle_interfaces' returned '0': CMAKE_PREFIX_PATH=/opt/ros/humble /usr/bin/cmake --install /home/george/ros2_ws/build/turtle_interfaces
[6.098s] Level 1:colcon.colcon_core.environment:checking '/home/george/ros2_ws/install/turtle_interfaces' for CMake module files
[6.098s] Level 1:colcon.colcon_core.environment:checking '/home/george/ros2_ws/install/turtle_interfaces' for CMake config files
[6.099s] Level 1:colcon.colcon_core.shell:create_environment_hook('turtle_interfaces', 'cmake_prefix_path')
[6.099s] INFO:colcon.colcon_core.shell:Creating environment hook '/home/george/ros2_ws/install/turtle_interfaces/share/turtle_interfaces/hook/cmake_prefix_path.ps1'
[6.100s] INFO:colcon.colcon_core.shell:Creating environment descriptor '/home/george/ros2_ws/install/turtle_interfaces/share/turtle_interfaces/hook/cmake_prefix_path.dsv'
[6.100s] INFO:colcon.colcon_core.shell:Creating environment hook '/home/george/ros2_ws/install/turtle_interfaces/share/turtle_interfaces/hook/cmake_prefix_path.sh'
[6.101s] Level 1:colcon.colcon_core.environment:checking '/home/george/ros2_ws/install/turtle_interfaces/lib'
[6.101s] Level 1:colcon.colcon_core.shell:create_environment_hook('turtle_interfaces', 'ld_library_path_lib')
[6.101s] INFO:colcon.colcon_core.shell:Creating environment hook '/home/george/ros2_ws/install/turtle_interfaces/share/turtle_interfaces/hook/ld_library_path_lib.ps1'
[6.101s] INFO:colcon.colcon_core.shell:Creating environment descriptor '/home/george/ros2_ws/install/turtle_interfaces/share/turtle_interfaces/hook/ld_library_path_lib.dsv'
[6.101s] INFO:colcon.colcon_core.shell:Creating environment hook '/home/george/ros2_ws/install/turtle_interfaces/share/turtle_interfaces/hook/ld_library_path_lib.sh'
[6.102s] Level 1:colcon.colcon_core.environment:checking '/home/george/ros2_ws/install/turtle_interfaces/bin'
[6.102s] Level 1:colcon.colcon_core.environment:checking '/home/george/ros2_ws/install/turtle_interfaces/lib/pkgconfig/turtle_interfaces.pc'
[6.102s] Level 1:colcon.colcon_core.environment:checking '/home/george/ros2_ws/install/turtle_interfaces/lib/python3.10/site-packages'
[6.102s] Level 1:colcon.colcon_core.environment:checking '/home/george/ros2_ws/install/turtle_interfaces/bin'
[6.102s] INFO:colcon.colcon_core.shell:Creating package script '/home/george/ros2_ws/install/turtle_interfaces/share/turtle_interfaces/package.ps1'
[6.103s] INFO:colcon.colcon_core.shell:Creating package descriptor '/home/george/ros2_ws/install/turtle_interfaces/share/turtle_interfaces/package.dsv'
[6.104s] INFO:colcon.colcon_core.shell:Creating package script '/home/george/ros2_ws/install/turtle_interfaces/share/turtle_interfaces/package.sh'
[6.104s] INFO:colcon.colcon_core.shell:Creating package script '/home/george/ros2_ws/install/turtle_interfaces/share/turtle_interfaces/package.bash'
[6.104s] INFO:colcon.colcon_core.shell:Creating package script '/home/george/ros2_ws/install/turtle_interfaces/share/turtle_interfaces/package.zsh'
[6.105s] Level 1:colcon.colcon_core.environment:create_file_with_runtime_dependencies(/home/george/ros2_ws/install/turtle_interfaces/share/colcon-core/packages/turtle_interfaces)
[6.106s] Level 1:colcon.colcon_core.environment:create_environment_scripts_only(turtle_interfaces)
[6.106s] Level 1:colcon.colcon_core.environment:checking '/home/george/ros2_ws/install/turtle_interfaces' for CMake module files
[6.106s] Level 1:colcon.colcon_core.environment:checking '/home/george/ros2_ws/install/turtle_interfaces' for CMake config files
[6.107s] Level 1:colcon.colcon_core.shell:create_environment_hook('turtle_interfaces', 'cmake_prefix_path')
[6.107s] INFO:colcon.colcon_core.shell:Creating environment hook '/home/george/ros2_ws/install/turtle_interfaces/share/turtle_interfaces/hook/cmake_prefix_path.ps1'
[6.107s] INFO:colcon.colcon_core.shell:Creating environment descriptor '/home/george/ros2_ws/install/turtle_interfaces/share/turtle_interfaces/hook/cmake_prefix_path.dsv'
[6.107s] INFO:colcon.colcon_core.shell:Creating environment hook '/home/george/ros2_ws/install/turtle_interfaces/share/turtle_interfaces/hook/cmake_prefix_path.sh'
[6.108s] Level 1:colcon.colcon_core.environment:checking '/home/george/ros2_ws/install/turtle_interfaces/lib'
[6.108s] Level 1:colcon.colcon_core.shell:create_environment_hook('turtle_interfaces', 'ld_library_path_lib')
[6.108s] INFO:colcon.colcon_core.shell:Creating environment hook '/home/george/ros2_ws/install/turtle_interfaces/share/turtle_interfaces/hook/ld_library_path_lib.ps1'
[6.108s] INFO:colcon.colcon_core.shell:Creating environment descriptor '/home/george/ros2_ws/install/turtle_interfaces/share/turtle_interfaces/hook/ld_library_path_lib.dsv'
[6.108s] INFO:colcon.colcon_core.shell:Creating environment hook '/home/george/ros2_ws/install/turtle_interfaces/share/turtle_interfaces/hook/ld_library_path_lib.sh'
[6.109s] Level 1:colcon.colcon_core.environment:checking '/home/george/ros2_ws/install/turtle_interfaces/bin'
[6.109s] Level 1:colcon.colcon_core.environment:checking '/home/george/ros2_ws/install/turtle_interfaces/lib/pkgconfig/turtle_interfaces.pc'
[6.109s] Level 1:colcon.colcon_core.environment:checking '/home/george/ros2_ws/install/turtle_interfaces/lib/python3.10/site-packages'
[6.109s] Level 1:colcon.colcon_core.environment:checking '/home/george/ros2_ws/install/turtle_interfaces/bin'
[6.109s] INFO:colcon.colcon_core.shell:Creating package script '/home/george/ros2_ws/install/turtle_interfaces/share/turtle_interfaces/package.ps1'
[6.110s] INFO:colcon.colcon_core.shell:Creating package descriptor '/home/george/ros2_ws/install/turtle_interfaces/share/turtle_interfaces/package.dsv'
[6.110s] INFO:colcon.colcon_core.shell:Creating package script '/home/george/ros2_ws/install/turtle_interfaces/share/turtle_interfaces/package.sh'
[6.110s] INFO:colcon.colcon_core.shell:Creating package script '/home/george/ros2_ws/install/turtle_interfaces/share/turtle_interfaces/package.bash'
[6.111s] INFO:colcon.colcon_core.shell:Creating package script '/home/george/ros2_ws/install/turtle_interfaces/share/turtle_interfaces/package.zsh'
[6.111s] Level 1:colcon.colcon_core.environment:create_file_with_runtime_dependencies(/home/george/ros2_ws/install/turtle_interfaces/share/colcon-core/packages/turtle_interfaces)
[6.111s] DEBUG:colcon.colcon_parallel_executor.executor.parallel:closing loop
[6.112s] DEBUG:colcon.colcon_parallel_executor.executor.parallel:loop closed
[6.112s] DEBUG:colcon.colcon_parallel_executor.executor.parallel:run_until_complete finished with '0'
[6.112s] DEBUG:colcon.colcon_core.event_reactor:joining thread
[6.171s] INFO:colcon.colcon_core.plugin_system:Skipping extension 'colcon_notification.desktop_notification.notify_send': Could not find 'notify-send'
[6.171s] INFO:colcon.colcon_core.plugin_system:Skipping extension 'colcon_notification.desktop_notification.terminal_notifier': Not used on non-Darwin systems
[6.171s] INFO:colcon.colcon_core.plugin_system:Skipping extension 'colcon_notification.desktop_notification.win32': Not used on non-Windows systems
[6.171s] INFO:colcon.colcon_notification.desktop_notification:Sending desktop notification using 'notify2'
[6.171s] DEBUG:colcon.colcon_notification.desktop_notification.notify2:Failed to initialize notify2: org.freedesktop.DBus.Error.FileNotFound: Failed to connect to socket /run/user/1000/bus: No such file or directory
[6.171s] DEBUG:colcon.colcon_core.event_reactor:joined thread
[6.171s] INFO:colcon.colcon_core.shell:Creating prefix script '/home/george/ros2_ws/install/local_setup.ps1'
[6.172s] INFO:colcon.colcon_core.shell:Creating prefix util module '/home/george/ros2_ws/install/_local_setup_util_ps1.py'
[6.173s] INFO:colcon.colcon_core.shell:Creating prefix chain script '/home/george/ros2_ws/install/setup.ps1'
[6.174s] INFO:colcon.colcon_core.shell:Creating prefix script '/home/george/ros2_ws/install/local_setup.sh'
[6.174s] INFO:colcon.colcon_core.shell:Creating prefix util module '/home/george/ros2_ws/install/_local_setup_util_sh.py'
[6.174s] INFO:colcon.colcon_core.shell:Creating prefix chain script '/home/george/ros2_ws/install/setup.sh'
[6.175s] INFO:colcon.colcon_core.shell:Creating prefix script '/home/george/ros2_ws/install/local_setup.bash'
[6.175s] INFO:colcon.colcon_core.shell:Creating prefix chain script '/home/george/ros2_ws/install/setup.bash'
[6.176s] INFO:colcon.colcon_core.shell:Creating prefix script '/home/george/ros2_ws/install/local_setup.zsh'
[6.176s] INFO:colcon.colcon_core.shell:Creating prefix chain script '/home/george/ros2_ws/install/setup.zsh'
