[0.024s] Invoking command in '/home/george/ros2_ws/build/turtle_interfaces': CMAKE_PREFIX_PATH=/opt/ros/humble /usr/bin/cmake --build /home/george/ros2_ws/build/turtle_interfaces -- -j16 -l16
[0.121s] [  9%] Built target turtle_interfaces__cpp
[0.121s] [ 15%] Built target turtle_interfaces__rs
[0.121s] [ 15%] Built target turtle_interfaces__rosidl_generator_c
[0.138s] [ 15%] Built target ament_cmake_python_copy_turtle_interfaces
[0.149s] [ 34%] Built target turtle_interfaces__rosidl_typesupport_introspection_c
[0.149s] [ 34%] Built target turtle_interfaces__rosidl_typesupport_c
[0.149s] [ 43%] Built target turtle_interfaces__rosidl_typesupport_introspection_cpp
[0.149s] [ 53%] Built target turtle_interfaces__rosidl_typesupport_fastrtps_cpp
[0.150s] [ 62%] Built target turtle_interfaces__rosidl_typesupport_fastrtps_c
[0.163s] [ 71%] Built target turtle_interfaces__rosidl_typesupport_cpp
[0.183s] [ 71%] Built target turtle_interfaces
[0.201s] [ 75%] Built target turtle_interfaces__py
[0.227s] [ 81%] Built target turtle_interfaces__rosidl_generator_py
[0.251s] [100%] Built target turtle_interfaces__rosidl_typesupport_fastrtps_c__pyext
[0.251s] [100%] Built target turtle_interfaces__rosidl_typesupport_introspection_c__pyext
[0.251s] [100%] Built target turtle_interfaces__rosidl_typesupport_c__pyext
[0.346s] running egg_info
[0.346s] writing turtle_interfaces.egg-info/PKG-INFO
[0.347s] writing dependency_links to turtle_interfaces.egg-info/dependency_links.txt
[0.347s] writing top-level names to turtle_interfaces.egg-info/top_level.txt
[0.350s] reading manifest file 'turtle_interfaces.egg-info/SOURCES.txt'
[0.350s] writing manifest file 'turtle_interfaces.egg-info/SOURCES.txt'
[0.369s] [100%] Built target ament_cmake_python_build_turtle_interfaces_egg
[0.377s] Invoked command in '/home/george/ros2_ws/build/turtle_interfaces' returned '0': CMAKE_PREFIX_PATH=/opt/ros/humble /usr/bin/cmake --build /home/george/ros2_ws/build/turtle_interfaces -- -j16 -l16
[0.385s] Invoking command in '/home/george/ros2_ws/build/turtle_interfaces': CMAKE_PREFIX_PATH=/opt/ros/humble /usr/bin/cmake --install /home/george/ros2_ws/build/turtle_interfaces
[0.391s] -- Install configuration: ""
[0.392s] -- Up-to-date: /home/george/ros2_ws/install/turtle_interfaces/share/ament_index/resource_index/rosidl_interfaces/turtle_interfaces
[0.392s] -- Up-to-date: /home/george/ros2_ws/install/turtle_interfaces/include/turtle_interfaces/turtle_interfaces
[0.392s] -- Up-to-date: /home/george/ros2_ws/install/turtle_interfaces/include/turtle_interfaces/turtle_interfaces/srv
[0.392s] -- Up-to-date: /home/george/ros2_ws/install/turtle_interfaces/include/turtle_interfaces/turtle_interfaces/srv/detail
[0.392s] -- Up-to-date: /home/george/ros2_ws/install/turtle_interfaces/include/turtle_interfaces/turtle_interfaces/srv/detail/shape_command__type_support.h
[0.393s] -- Up-to-date: /home/george/ros2_ws/install/turtle_interfaces/include/turtle_interfaces/turtle_interfaces/srv/detail/shape_command__struct.h
[0.393s] -- Up-to-date: /home/george/ros2_ws/install/turtle_interfaces/include/turtle_interfaces/turtle_interfaces/srv/detail/shape_command__functions.c
[0.393s] -- Up-to-date: /home/george/ros2_ws/install/turtle_interfaces/include/turtle_interfaces/turtle_interfaces/srv/detail/shape_command__functions.h
[0.393s] -- Up-to-date: /home/george/ros2_ws/install/turtle_interfaces/include/turtle_interfaces/turtle_interfaces/srv/shape_command.h
[0.393s] -- Up-to-date: /home/george/ros2_ws/install/turtle_interfaces/include/turtle_interfaces/turtle_interfaces/msg
[0.393s] -- Up-to-date: /home/george/ros2_ws/install/turtle_interfaces/include/turtle_interfaces/turtle_interfaces/msg/rosidl_generator_c__visibility_control.h
[0.394s] -- Up-to-date: /home/george/ros2_ws/install/turtle_interfaces/share/turtle_interfaces/environment/library_path.sh
[0.394s] -- Up-to-date: /home/george/ros2_ws/install/turtle_interfaces/share/turtle_interfaces/environment/library_path.dsv
[0.394s] -- Up-to-date: /home/george/ros2_ws/install/turtle_interfaces/lib/libturtle_interfaces__rosidl_generator_c.so
[0.394s] -- Up-to-date: /home/george/ros2_ws/install/turtle_interfaces/include/turtle_interfaces/turtle_interfaces
[0.394s] -- Up-to-date: /home/george/ros2_ws/install/turtle_interfaces/include/turtle_interfaces/turtle_interfaces/srv
[0.394s] -- Up-to-date: /home/george/ros2_ws/install/turtle_interfaces/include/turtle_interfaces/turtle_interfaces/srv/detail
[0.394s] -- Up-to-date: /home/george/ros2_ws/install/turtle_interfaces/include/turtle_interfaces/turtle_interfaces/srv/detail/shape_command__rosidl_typesupport_fastrtps_c.h
[0.394s] -- Up-to-date: /home/george/ros2_ws/install/turtle_interfaces/include/turtle_interfaces/turtle_interfaces/msg
[0.394s] -- Up-to-date: /home/george/ros2_ws/install/turtle_interfaces/include/turtle_interfaces/turtle_interfaces/msg/rosidl_typesupport_fastrtps_c__visibility_control.h
[0.395s] -- Up-to-date: /home/george/ros2_ws/install/turtle_interfaces/lib/libturtle_interfaces__rosidl_typesupport_fastrtps_c.so
[0.395s] -- Up-to-date: /home/george/ros2_ws/install/turtle_interfaces/include/turtle_interfaces/turtle_interfaces
[0.395s] -- Up-to-date: /home/george/ros2_ws/install/turtle_interfaces/include/turtle_interfaces/turtle_interfaces/srv
[0.395s] -- Up-to-date: /home/george/ros2_ws/install/turtle_interfaces/include/turtle_interfaces/turtle_interfaces/srv/detail
[0.395s] -- Up-to-date: /home/george/ros2_ws/install/turtle_interfaces/include/turtle_interfaces/turtle_interfaces/srv/detail/shape_command__rosidl_typesupport_introspection_c.h
[0.395s] -- Up-to-date: /home/george/ros2_ws/install/turtle_interfaces/include/turtle_interfaces/turtle_interfaces/srv/detail/shape_command__type_support.c
[0.395s] -- Up-to-date: /home/george/ros2_ws/install/turtle_interfaces/include/turtle_interfaces/turtle_interfaces/msg
[0.395s] -- Up-to-date: /home/george/ros2_ws/install/turtle_interfaces/include/turtle_interfaces/turtle_interfaces/msg/rosidl_typesupport_introspection_c__visibility_control.h
[0.395s] -- Up-to-date: /home/george/ros2_ws/install/turtle_interfaces/lib/libturtle_interfaces__rosidl_typesupport_introspection_c.so
[0.396s] -- Up-to-date: /home/george/ros2_ws/install/turtle_interfaces/lib/libturtle_interfaces__rosidl_typesupport_c.so
[0.396s] -- Up-to-date: /home/george/ros2_ws/install/turtle_interfaces/include/turtle_interfaces/turtle_interfaces
[0.396s] -- Up-to-date: /home/george/ros2_ws/install/turtle_interfaces/include/turtle_interfaces/turtle_interfaces/srv
[0.396s] -- Up-to-date: /home/george/ros2_ws/install/turtle_interfaces/include/turtle_interfaces/turtle_interfaces/srv/detail
[0.396s] -- Up-to-date: /home/george/ros2_ws/install/turtle_interfaces/include/turtle_interfaces/turtle_interfaces/srv/detail/shape_command__builder.hpp
[0.397s] -- Up-to-date: /home/george/ros2_ws/install/turtle_interfaces/include/turtle_interfaces/turtle_interfaces/srv/detail/shape_command__struct.hpp
[0.397s] -- Up-to-date: /home/george/ros2_ws/install/turtle_interfaces/include/turtle_interfaces/turtle_interfaces/srv/detail/shape_command__traits.hpp
[0.397s] -- Up-to-date: /home/george/ros2_ws/install/turtle_interfaces/include/turtle_interfaces/turtle_interfaces/srv/detail/shape_command__type_support.hpp
[0.397s] -- Up-to-date: /home/george/ros2_ws/install/turtle_interfaces/include/turtle_interfaces/turtle_interfaces/srv/shape_command.hpp
[0.397s] -- Up-to-date: /home/george/ros2_ws/install/turtle_interfaces/include/turtle_interfaces/turtle_interfaces/msg
[0.397s] -- Up-to-date: /home/george/ros2_ws/install/turtle_interfaces/include/turtle_interfaces/turtle_interfaces/msg/rosidl_generator_cpp__visibility_control.hpp
[0.397s] -- Up-to-date: /home/george/ros2_ws/install/turtle_interfaces/include/turtle_interfaces/turtle_interfaces
[0.397s] -- Up-to-date: /home/george/ros2_ws/install/turtle_interfaces/include/turtle_interfaces/turtle_interfaces/srv
[0.397s] -- Up-to-date: /home/george/ros2_ws/install/turtle_interfaces/include/turtle_interfaces/turtle_interfaces/srv/detail
[0.397s] -- Up-to-date: /home/george/ros2_ws/install/turtle_interfaces/include/turtle_interfaces/turtle_interfaces/srv/detail/shape_command__rosidl_typesupport_fastrtps_cpp.hpp
[0.398s] -- Up-to-date: /home/george/ros2_ws/install/turtle_interfaces/include/turtle_interfaces/turtle_interfaces/srv/detail/dds_fastrtps
[0.398s] -- Up-to-date: /home/george/ros2_ws/install/turtle_interfaces/include/turtle_interfaces/turtle_interfaces/msg
[0.398s] -- Up-to-date: /home/george/ros2_ws/install/turtle_interfaces/include/turtle_interfaces/turtle_interfaces/msg/rosidl_typesupport_fastrtps_cpp__visibility_control.h
[0.398s] -- Up-to-date: /home/george/ros2_ws/install/turtle_interfaces/lib/libturtle_interfaces__rosidl_typesupport_fastrtps_cpp.so
[0.398s] -- Up-to-date: /home/george/ros2_ws/install/turtle_interfaces/include/turtle_interfaces/turtle_interfaces
[0.398s] -- Up-to-date: /home/george/ros2_ws/install/turtle_interfaces/include/turtle_interfaces/turtle_interfaces/srv
[0.399s] -- Up-to-date: /home/george/ros2_ws/install/turtle_interfaces/include/turtle_interfaces/turtle_interfaces/srv/detail
[0.399s] -- Up-to-date: /home/george/ros2_ws/install/turtle_interfaces/include/turtle_interfaces/turtle_interfaces/srv/detail/shape_command__type_support.cpp
[0.399s] -- Up-to-date: /home/george/ros2_ws/install/turtle_interfaces/include/turtle_interfaces/turtle_interfaces/srv/detail/shape_command__rosidl_typesupport_introspection_cpp.hpp
[0.399s] -- Up-to-date: /home/george/ros2_ws/install/turtle_interfaces/lib/libturtle_interfaces__rosidl_typesupport_introspection_cpp.so
[0.400s] -- Up-to-date: /home/george/ros2_ws/install/turtle_interfaces/lib/libturtle_interfaces__rosidl_typesupport_cpp.so
[0.400s] -- Up-to-date: /home/george/ros2_ws/install/turtle_interfaces/share/turtle_interfaces/environment/pythonpath.sh
[0.400s] -- Up-to-date: /home/george/ros2_ws/install/turtle_interfaces/share/turtle_interfaces/environment/pythonpath.dsv
[0.400s] -- Up-to-date: /home/george/ros2_ws/install/turtle_interfaces/local/lib/python3.10/dist-packages/turtle_interfaces-0.0.0-py3.10.egg-info
[0.400s] -- Installing: /home/george/ros2_ws/install/turtle_interfaces/local/lib/python3.10/dist-packages/turtle_interfaces-0.0.0-py3.10.egg-info/PKG-INFO
[0.400s] -- Installing: /home/george/ros2_ws/install/turtle_interfaces/local/lib/python3.10/dist-packages/turtle_interfaces-0.0.0-py3.10.egg-info/top_level.txt
[0.400s] -- Installing: /home/george/ros2_ws/install/turtle_interfaces/local/lib/python3.10/dist-packages/turtle_interfaces-0.0.0-py3.10.egg-info/SOURCES.txt
[0.401s] -- Installing: /home/george/ros2_ws/install/turtle_interfaces/local/lib/python3.10/dist-packages/turtle_interfaces-0.0.0-py3.10.egg-info/dependency_links.txt
[0.401s] -- Up-to-date: /home/george/ros2_ws/install/turtle_interfaces/local/lib/python3.10/dist-packages/turtle_interfaces
[0.401s] -- Up-to-date: /home/george/ros2_ws/install/turtle_interfaces/local/lib/python3.10/dist-packages/turtle_interfaces/libturtle_interfaces__rosidl_generator_py.so
[0.401s] -- Up-to-date: /home/george/ros2_ws/install/turtle_interfaces/local/lib/python3.10/dist-packages/turtle_interfaces/_turtle_interfaces_s.ep.rosidl_typesupport_c.c
[0.401s] -- Up-to-date: /home/george/ros2_ws/install/turtle_interfaces/local/lib/python3.10/dist-packages/turtle_interfaces/srv
[0.401s] -- Up-to-date: /home/george/ros2_ws/install/turtle_interfaces/local/lib/python3.10/dist-packages/turtle_interfaces/srv/_shape_command_s.c
[0.401s] -- Up-to-date: /home/george/ros2_ws/install/turtle_interfaces/local/lib/python3.10/dist-packages/turtle_interfaces/srv/_shape_command.py
[0.401s] -- Up-to-date: /home/george/ros2_ws/install/turtle_interfaces/local/lib/python3.10/dist-packages/turtle_interfaces/srv/__init__.py
[0.401s] -- Up-to-date: /home/george/ros2_ws/install/turtle_interfaces/local/lib/python3.10/dist-packages/turtle_interfaces/turtle_interfaces_s__rosidl_typesupport_c.cpython-310-x86_64-linux-gnu.so
[0.401s] -- Up-to-date: /home/george/ros2_ws/install/turtle_interfaces/local/lib/python3.10/dist-packages/turtle_interfaces/_turtle_interfaces_s.ep.rosidl_typesupport_introspection_c.c
[0.401s] -- Up-to-date: /home/george/ros2_ws/install/turtle_interfaces/local/lib/python3.10/dist-packages/turtle_interfaces/turtle_interfaces_s__rosidl_typesupport_fastrtps_c.cpython-310-x86_64-linux-gnu.so
[0.401s] -- Up-to-date: /home/george/ros2_ws/install/turtle_interfaces/local/lib/python3.10/dist-packages/turtle_interfaces/turtle_interfaces_s__rosidl_typesupport_introspection_c.cpython-310-x86_64-linux-gnu.so
[0.401s] -- Up-to-date: /home/george/ros2_ws/install/turtle_interfaces/local/lib/python3.10/dist-packages/turtle_interfaces/__init__.py
[0.401s] -- Up-to-date: /home/george/ros2_ws/install/turtle_interfaces/local/lib/python3.10/dist-packages/turtle_interfaces/_turtle_interfaces_s.ep.rosidl_typesupport_fastrtps_c.c
[0.424s] Listing '/home/george/ros2_ws/install/turtle_interfaces/local/lib/python3.10/dist-packages/turtle_interfaces'...
[0.424s] Listing '/home/george/ros2_ws/install/turtle_interfaces/local/lib/python3.10/dist-packages/turtle_interfaces/srv'...
[0.429s] -- Up-to-date: /home/george/ros2_ws/install/turtle_interfaces/local/lib/python3.10/dist-packages/turtle_interfaces/turtle_interfaces_s__rosidl_typesupport_fastrtps_c.cpython-310-x86_64-linux-gnu.so
[0.429s] -- Up-to-date: /home/george/ros2_ws/install/turtle_interfaces/local/lib/python3.10/dist-packages/turtle_interfaces/turtle_interfaces_s__rosidl_typesupport_introspection_c.cpython-310-x86_64-linux-gnu.so
[0.429s] -- Up-to-date: /home/george/ros2_ws/install/turtle_interfaces/local/lib/python3.10/dist-packages/turtle_interfaces/turtle_interfaces_s__rosidl_typesupport_c.cpython-310-x86_64-linux-gnu.so
[0.429s] -- Up-to-date: /home/george/ros2_ws/install/turtle_interfaces/lib/libturtle_interfaces__rosidl_generator_py.so
[0.430s] -- Up-to-date: /home/george/ros2_ws/install/turtle_interfaces/share/ament_index/resource_index/rust_packages/turtle_interfaces
[0.430s] -- Up-to-date: /home/george/ros2_ws/install/turtle_interfaces/share/turtle_interfaces/rust
[0.430s] -- Up-to-date: /home/george/ros2_ws/install/turtle_interfaces/share/turtle_interfaces/rust/build.rs
[0.430s] -- Up-to-date: /home/george/ros2_ws/install/turtle_interfaces/share/turtle_interfaces/rust/Cargo.toml
[0.430s] -- Up-to-date: /home/george/ros2_ws/install/turtle_interfaces/share/turtle_interfaces/rust/src
[0.430s] -- Up-to-date: /home/george/ros2_ws/install/turtle_interfaces/share/turtle_interfaces/rust/src/lib.rs
[0.430s] -- Up-to-date: /home/george/ros2_ws/install/turtle_interfaces/share/turtle_interfaces/rust/src/srv
[0.431s] -- Up-to-date: /home/george/ros2_ws/install/turtle_interfaces/share/turtle_interfaces/rust/src/srv/rmw.rs
[0.431s] -- Up-to-date: /home/george/ros2_ws/install/turtle_interfaces/share/turtle_interfaces/rust/src/srv.rs
[0.431s] -- Up-to-date: /home/george/ros2_ws/install/turtle_interfaces/share/turtle_interfaces/srv/ShapeCommand.idl
[0.431s] -- Up-to-date: /home/george/ros2_ws/install/turtle_interfaces/share/turtle_interfaces/srv/ShapeCommand.srv
[0.431s] -- Up-to-date: /home/george/ros2_ws/install/turtle_interfaces/share/turtle_interfaces/srv/ShapeCommand_Request.msg
[0.431s] -- Up-to-date: /home/george/ros2_ws/install/turtle_interfaces/share/turtle_interfaces/srv/ShapeCommand_Response.msg
[0.431s] -- Up-to-date: /home/george/ros2_ws/install/turtle_interfaces/share/ament_index/resource_index/package_run_dependencies/turtle_interfaces
[0.431s] -- Up-to-date: /home/george/ros2_ws/install/turtle_interfaces/share/ament_index/resource_index/parent_prefix_path/turtle_interfaces
[0.431s] -- Up-to-date: /home/george/ros2_ws/install/turtle_interfaces/share/turtle_interfaces/environment/ament_prefix_path.sh
[0.431s] -- Up-to-date: /home/george/ros2_ws/install/turtle_interfaces/share/turtle_interfaces/environment/ament_prefix_path.dsv
[0.431s] -- Up-to-date: /home/george/ros2_ws/install/turtle_interfaces/share/turtle_interfaces/environment/path.sh
[0.431s] -- Up-to-date: /home/george/ros2_ws/install/turtle_interfaces/share/turtle_interfaces/environment/path.dsv
[0.431s] -- Up-to-date: /home/george/ros2_ws/install/turtle_interfaces/share/turtle_interfaces/local_setup.bash
[0.431s] -- Up-to-date: /home/george/ros2_ws/install/turtle_interfaces/share/turtle_interfaces/local_setup.sh
[0.432s] -- Up-to-date: /home/george/ros2_ws/install/turtle_interfaces/share/turtle_interfaces/local_setup.zsh
[0.432s] -- Up-to-date: /home/george/ros2_ws/install/turtle_interfaces/share/turtle_interfaces/local_setup.dsv
[0.432s] -- Installing: /home/george/ros2_ws/install/turtle_interfaces/share/turtle_interfaces/package.dsv
[0.432s] -- Up-to-date: /home/george/ros2_ws/install/turtle_interfaces/share/ament_index/resource_index/packages/turtle_interfaces
[0.432s] -- Up-to-date: /home/george/ros2_ws/install/turtle_interfaces/share/turtle_interfaces/cmake/export_turtle_interfaces__rosidl_generator_cExport.cmake
[0.432s] -- Up-to-date: /home/george/ros2_ws/install/turtle_interfaces/share/turtle_interfaces/cmake/export_turtle_interfaces__rosidl_generator_cExport-noconfig.cmake
[0.432s] -- Up-to-date: /home/george/ros2_ws/install/turtle_interfaces/share/turtle_interfaces/cmake/export_turtle_interfaces__rosidl_typesupport_fastrtps_cExport.cmake
[0.432s] -- Up-to-date: /home/george/ros2_ws/install/turtle_interfaces/share/turtle_interfaces/cmake/export_turtle_interfaces__rosidl_typesupport_fastrtps_cExport-noconfig.cmake
[0.433s] -- Up-to-date: /home/george/ros2_ws/install/turtle_interfaces/share/turtle_interfaces/cmake/turtle_interfaces__rosidl_typesupport_introspection_cExport.cmake
[0.433s] -- Up-to-date: /home/george/ros2_ws/install/turtle_interfaces/share/turtle_interfaces/cmake/turtle_interfaces__rosidl_typesupport_introspection_cExport-noconfig.cmake
[0.433s] -- Up-to-date: /home/george/ros2_ws/install/turtle_interfaces/share/turtle_interfaces/cmake/turtle_interfaces__rosidl_typesupport_cExport.cmake
[0.433s] -- Up-to-date: /home/george/ros2_ws/install/turtle_interfaces/share/turtle_interfaces/cmake/turtle_interfaces__rosidl_typesupport_cExport-noconfig.cmake
[0.434s] -- Up-to-date: /home/george/ros2_ws/install/turtle_interfaces/share/turtle_interfaces/cmake/export_turtle_interfaces__rosidl_generator_cppExport.cmake
[0.434s] -- Up-to-date: /home/george/ros2_ws/install/turtle_interfaces/share/turtle_interfaces/cmake/export_turtle_interfaces__rosidl_typesupport_fastrtps_cppExport.cmake
[0.434s] -- Up-to-date: /home/george/ros2_ws/install/turtle_interfaces/share/turtle_interfaces/cmake/export_turtle_interfaces__rosidl_typesupport_fastrtps_cppExport-noconfig.cmake
[0.435s] -- Up-to-date: /home/george/ros2_ws/install/turtle_interfaces/share/turtle_interfaces/cmake/turtle_interfaces__rosidl_typesupport_introspection_cppExport.cmake
[0.435s] -- Up-to-date: /home/george/ros2_ws/install/turtle_interfaces/share/turtle_interfaces/cmake/turtle_interfaces__rosidl_typesupport_introspection_cppExport-noconfig.cmake
[0.435s] -- Up-to-date: /home/george/ros2_ws/install/turtle_interfaces/share/turtle_interfaces/cmake/turtle_interfaces__rosidl_typesupport_cppExport.cmake
[0.435s] -- Up-to-date: /home/george/ros2_ws/install/turtle_interfaces/share/turtle_interfaces/cmake/turtle_interfaces__rosidl_typesupport_cppExport-noconfig.cmake
[0.435s] -- Up-to-date: /home/george/ros2_ws/install/turtle_interfaces/share/turtle_interfaces/cmake/export_turtle_interfaces__rosidl_generator_pyExport.cmake
[0.436s] -- Up-to-date: /home/george/ros2_ws/install/turtle_interfaces/share/turtle_interfaces/cmake/export_turtle_interfaces__rosidl_generator_pyExport-noconfig.cmake
[0.436s] -- Up-to-date: /home/george/ros2_ws/install/turtle_interfaces/share/turtle_interfaces/cmake/rosidl_cmake-extras.cmake
[0.436s] -- Up-to-date: /home/george/ros2_ws/install/turtle_interfaces/share/turtle_interfaces/cmake/ament_cmake_export_include_directories-extras.cmake
[0.436s] -- Up-to-date: /home/george/ros2_ws/install/turtle_interfaces/share/turtle_interfaces/cmake/ament_cmake_export_libraries-extras.cmake
[0.436s] -- Up-to-date: /home/george/ros2_ws/install/turtle_interfaces/share/turtle_interfaces/cmake/ament_cmake_export_targets-extras.cmake
[0.436s] -- Up-to-date: /home/george/ros2_ws/install/turtle_interfaces/share/turtle_interfaces/cmake/rosidl_cmake_export_typesupport_targets-extras.cmake
[0.436s] -- Up-to-date: /home/george/ros2_ws/install/turtle_interfaces/share/turtle_interfaces/cmake/ament_cmake_export_dependencies-extras.cmake
[0.436s] -- Up-to-date: /home/george/ros2_ws/install/turtle_interfaces/share/turtle_interfaces/cmake/rosidl_cmake_export_typesupport_libraries-extras.cmake
[0.436s] -- Up-to-date: /home/george/ros2_ws/install/turtle_interfaces/share/turtle_interfaces/cmake/turtle_interfacesConfig.cmake
[0.436s] -- Up-to-date: /home/george/ros2_ws/install/turtle_interfaces/share/turtle_interfaces/cmake/turtle_interfacesConfig-version.cmake
[0.436s] -- Up-to-date: /home/george/ros2_ws/install/turtle_interfaces/share/turtle_interfaces/package.xml
[0.438s] Invoked command in '/home/george/ros2_ws/build/turtle_interfaces' returned '0': CMAKE_PREFIX_PATH=/opt/ros/humble /usr/bin/cmake --install /home/george/ros2_ws/build/turtle_interfaces
