[0.871s] Invoking command in '/home/george/ros2_ws/src/turtle_controller': PYTHONPATH=/home/george/ros2_ws/build/turtle_controller/prefix_override:/usr/lib/python3/dist-packages/colcon_core/task/python/colcon_distutils_commands:/home/george/ros2_ws/install/turtle_controller/lib/python3.10/site-packages:${PYTHONPATH} /usr/bin/python3 -W ignore:setup.py install is deprecated -W ignore:easy_install command is deprecated setup.py egg_info --egg-base ../../build/turtle_controller build --build-base /home/george/ros2_ws/build/turtle_controller/build install --record /home/george/ros2_ws/build/turtle_controller/install.log --single-version-externally-managed install_data
[1.041s] running egg_info
[1.043s] writing ../../build/turtle_controller/turtle_controller.egg-info/PKG-INFO
[1.044s] writing dependency_links to ../../build/turtle_controller/turtle_controller.egg-info/dependency_links.txt
[1.044s] writing entry points to ../../build/turtle_controller/turtle_controller.egg-info/entry_points.txt
[1.045s] writing requirements to ../../build/turtle_controller/turtle_controller.egg-info/requires.txt
[1.045s] writing top-level names to ../../build/turtle_controller/turtle_controller.egg-info/top_level.txt
[1.046s] reading manifest file '../../build/turtle_controller/turtle_controller.egg-info/SOURCES.txt'
[1.047s] writing manifest file '../../build/turtle_controller/turtle_controller.egg-info/SOURCES.txt'
[1.047s] running build
[1.047s] running build_py
[1.047s] copying turtle_controller/stage2_client.py -> /home/george/ros2_ws/build/turtle_controller/build/lib/turtle_controller
[1.048s] copying turtle_controller/stage2_controller.py -> /home/george/ros2_ws/build/turtle_controller/build/lib/turtle_controller
[1.048s] running install
[1.048s] running install_lib
[1.049s] copying /home/george/ros2_ws/build/turtle_controller/build/lib/turtle_controller/stage2_client.py -> /home/george/ros2_ws/install/turtle_controller/lib/python3.10/site-packages/turtle_controller
[1.049s] copying /home/george/ros2_ws/build/turtle_controller/build/lib/turtle_controller/stage2_controller.py -> /home/george/ros2_ws/install/turtle_controller/lib/python3.10/site-packages/turtle_controller
[1.050s] byte-compiling /home/george/ros2_ws/install/turtle_controller/lib/python3.10/site-packages/turtle_controller/stage2_client.py to stage2_client.cpython-310.pyc
[1.050s] byte-compiling /home/george/ros2_ws/install/turtle_controller/lib/python3.10/site-packages/turtle_controller/stage2_controller.py to stage2_controller.cpython-310.pyc
[1.052s] running install_data
[1.052s] copying package.xml -> /home/george/ros2_ws/install/turtle_controller/share/turtle_controller
[1.052s] running install_egg_info
[1.054s] removing '/home/george/ros2_ws/install/turtle_controller/lib/python3.10/site-packages/turtle_controller-0.0.0-py3.10.egg-info' (and everything under it)
[1.054s] Copying ../../build/turtle_controller/turtle_controller.egg-info to /home/george/ros2_ws/install/turtle_controller/lib/python3.10/site-packages/turtle_controller-0.0.0-py3.10.egg-info
[1.055s] running install_scripts
[1.069s] Installing ILROS script to /home/george/ros2_ws/install/turtle_controller/lib/turtle_controller
[1.070s] Installing butterfly script to /home/george/ros2_ws/install/turtle_controller/lib/turtle_controller
[1.070s] Installing controller script to /home/george/ros2_ws/install/turtle_controller/lib/turtle_controller
[1.070s] Installing racecare script to /home/george/ros2_ws/install/turtle_controller/lib/turtle_controller
[1.070s] Installing stage2_client script to /home/george/ros2_ws/install/turtle_controller/lib/turtle_controller
[1.070s] Installing stage2_controller script to /home/george/ros2_ws/install/turtle_controller/lib/turtle_controller
[1.071s] writing list of installed files to '/home/george/ros2_ws/build/turtle_controller/install.log'
[1.086s] Invoked command in '/home/george/ros2_ws/src/turtle_controller' returned '0': PYTHONPATH=/home/george/ros2_ws/build/turtle_controller/prefix_override:/usr/lib/python3/dist-packages/colcon_core/task/python/colcon_distutils_commands:/home/george/ros2_ws/install/turtle_controller/lib/python3.10/site-packages:${PYTHONPATH} /usr/bin/python3 -W ignore:setup.py install is deprecated -W ignore:easy_install command is deprecated setup.py egg_info --egg-base ../../build/turtle_controller build --build-base /home/george/ros2_ws/build/turtle_controller/build install --record /home/george/ros2_ws/build/turtle_controller/install.log --single-version-externally-managed install_data
