[0.012s] Invoking command in '/home/george/ros2_ws/build/turtle_interfaces': CMAKE_PREFIX_PATH=/opt/ros/humble /usr/bin/cmake --build /home/george/ros2_ws/build/turtle_interfaces -- -j16 -l16
[0.090s] Consolidate compiler generated dependencies of target turtle_interfaces__rosidl_generator_c
[0.097s] [  3%] Built target turtle_interfaces__rs
[0.097s] [  6%] Built target turtle_interfaces__cpp
[0.099s] [ 15%] Built target turtle_interfaces__rosidl_generator_c
[0.111s] Consolidate compiler generated dependencies of target turtle_interfaces__rosidl_typesupport_cpp
[0.112s] [ 15%] Built target ament_cmake_python_copy_turtle_interfaces
[0.114s] Consolidate compiler generated dependencies of target turtle_interfaces__rosidl_typesupport_fastrtps_cpp
[0.114s] Consolidate compiler generated dependencies of target turtle_interfaces__rosidl_typesupport_introspection_cpp
[0.114s] Consolidate compiler generated dependencies of target turtle_interfaces__rosidl_typesupport_introspection_c
[0.117s] Consolidate compiler generated dependencies of target turtle_interfaces__rosidl_typesupport_c
[0.120s] Consolidate compiler generated dependencies of target turtle_interfaces__rosidl_typesupport_fastrtps_c
[0.126s] [ 25%] Built target turtle_interfaces__rosidl_typesupport_introspection_c
[0.127s] [ 34%] Built target turtle_interfaces__rosidl_typesupport_c
[0.127s] [ 43%] Built target turtle_interfaces__rosidl_typesupport_cpp
[0.129s] [ 53%] Built target turtle_interfaces__rosidl_typesupport_introspection_cpp
[0.129s] [ 62%] Built target turtle_interfaces__rosidl_typesupport_fastrtps_cpp
[0.132s] [ 71%] Built target turtle_interfaces__rosidl_typesupport_fastrtps_c
[0.149s] [ 71%] Built target turtle_interfaces
[0.166s] [ 75%] Built target turtle_interfaces__py
[0.175s] Consolidate compiler generated dependencies of target turtle_interfaces__rosidl_generator_py
[0.184s] [ 81%] Built target turtle_interfaces__rosidl_generator_py
[0.195s] Consolidate compiler generated dependencies of target turtle_interfaces__rosidl_typesupport_introspection_c__pyext
[0.195s] Consolidate compiler generated dependencies of target turtle_interfaces__rosidl_typesupport_c__pyext
[0.198s] Consolidate compiler generated dependencies of target turtle_interfaces__rosidl_typesupport_fastrtps_c__pyext
[0.206s] [ 93%] Built target turtle_interfaces__rosidl_typesupport_introspection_c__pyext
[0.206s] [ 90%] Built target turtle_interfaces__rosidl_typesupport_c__pyext
[0.207s] [100%] Built target turtle_interfaces__rosidl_typesupport_fastrtps_c__pyext
[0.298s] running egg_info
[0.298s] writing turtle_interfaces.egg-info/PKG-INFO
[0.299s] writing dependency_links to turtle_interfaces.egg-info/dependency_links.txt
[0.299s] writing top-level names to turtle_interfaces.egg-info/top_level.txt
[0.300s] reading manifest file 'turtle_interfaces.egg-info/SOURCES.txt'
[0.301s] writing manifest file 'turtle_interfaces.egg-info/SOURCES.txt'
[0.319s] [100%] Built target ament_cmake_python_build_turtle_interfaces_egg
[0.327s] Invoked command in '/home/george/ros2_ws/build/turtle_interfaces' returned '0': CMAKE_PREFIX_PATH=/opt/ros/humble /usr/bin/cmake --build /home/george/ros2_ws/build/turtle_interfaces -- -j16 -l16
[0.335s] Invoking command in '/home/george/ros2_ws/build/turtle_interfaces': CMAKE_PREFIX_PATH=/opt/ros/humble /usr/bin/cmake --install /home/george/ros2_ws/build/turtle_interfaces
[0.340s] -- Install configuration: ""
[0.341s] -- Up-to-date: /home/george/ros2_ws/install/turtle_interfaces/share/ament_index/resource_index/rosidl_interfaces/turtle_interfaces
[0.341s] -- Up-to-date: /home/george/ros2_ws/install/turtle_interfaces/include/turtle_interfaces/turtle_interfaces
[0.341s] -- Up-to-date: /home/george/ros2_ws/install/turtle_interfaces/include/turtle_interfaces/turtle_interfaces/srv
[0.342s] -- Up-to-date: /home/george/ros2_ws/install/turtle_interfaces/include/turtle_interfaces/turtle_interfaces/srv/detail
[0.342s] -- Up-to-date: /home/george/ros2_ws/install/turtle_interfaces/include/turtle_interfaces/turtle_interfaces/srv/detail/shape_command__type_support.h
[0.342s] -- Up-to-date: /home/george/ros2_ws/install/turtle_interfaces/include/turtle_interfaces/turtle_interfaces/srv/detail/shape_command__struct.h
[0.342s] -- Up-to-date: /home/george/ros2_ws/install/turtle_interfaces/include/turtle_interfaces/turtle_interfaces/srv/detail/shape_command__functions.c
[0.342s] -- Up-to-date: /home/george/ros2_ws/install/turtle_interfaces/include/turtle_interfaces/turtle_interfaces/srv/detail/shape_command__functions.h
[0.342s] -- Up-to-date: /home/george/ros2_ws/install/turtle_interfaces/include/turtle_interfaces/turtle_interfaces/srv/shape_command.h
[0.342s] -- Up-to-date: /home/george/ros2_ws/install/turtle_interfaces/include/turtle_interfaces/turtle_interfaces/msg
[0.342s] -- Up-to-date: /home/george/ros2_ws/install/turtle_interfaces/include/turtle_interfaces/turtle_interfaces/msg/rosidl_generator_c__visibility_control.h
[0.342s] -- Up-to-date: /home/george/ros2_ws/install/turtle_interfaces/share/turtle_interfaces/environment/library_path.sh
[0.342s] -- Up-to-date: /home/george/ros2_ws/install/turtle_interfaces/share/turtle_interfaces/environment/library_path.dsv
[0.343s] -- Up-to-date: /home/george/ros2_ws/install/turtle_interfaces/lib/libturtle_interfaces__rosidl_generator_c.so
[0.343s] -- Up-to-date: /home/george/ros2_ws/install/turtle_interfaces/include/turtle_interfaces/turtle_interfaces
[0.343s] -- Up-to-date: /home/george/ros2_ws/install/turtle_interfaces/include/turtle_interfaces/turtle_interfaces/srv
[0.343s] -- Up-to-date: /home/george/ros2_ws/install/turtle_interfaces/include/turtle_interfaces/turtle_interfaces/srv/detail
[0.343s] -- Up-to-date: /home/george/ros2_ws/install/turtle_interfaces/include/turtle_interfaces/turtle_interfaces/srv/detail/shape_command__rosidl_typesupport_fastrtps_c.h
[0.344s] -- Up-to-date: /home/george/ros2_ws/install/turtle_interfaces/include/turtle_interfaces/turtle_interfaces/msg
[0.344s] -- Up-to-date: /home/george/ros2_ws/install/turtle_interfaces/include/turtle_interfaces/turtle_interfaces/msg/rosidl_typesupport_fastrtps_c__visibility_control.h
[0.344s] -- Up-to-date: /home/george/ros2_ws/install/turtle_interfaces/lib/libturtle_interfaces__rosidl_typesupport_fastrtps_c.so
[0.344s] -- Up-to-date: /home/george/ros2_ws/install/turtle_interfaces/include/turtle_interfaces/turtle_interfaces
[0.345s] -- Up-to-date: /home/george/ros2_ws/install/turtle_interfaces/include/turtle_interfaces/turtle_interfaces/srv
[0.345s] -- Up-to-date: /home/george/ros2_ws/install/turtle_interfaces/include/turtle_interfaces/turtle_interfaces/srv/detail
[0.345s] -- Up-to-date: /home/george/ros2_ws/install/turtle_interfaces/include/turtle_interfaces/turtle_interfaces/srv/detail/shape_command__rosidl_typesupport_introspection_c.h
[0.345s] -- Up-to-date: /home/george/ros2_ws/install/turtle_interfaces/include/turtle_interfaces/turtle_interfaces/srv/detail/shape_command__type_support.c
[0.345s] -- Up-to-date: /home/george/ros2_ws/install/turtle_interfaces/include/turtle_interfaces/turtle_interfaces/msg
[0.345s] -- Up-to-date: /home/george/ros2_ws/install/turtle_interfaces/include/turtle_interfaces/turtle_interfaces/msg/rosidl_typesupport_introspection_c__visibility_control.h
[0.345s] -- Up-to-date: /home/george/ros2_ws/install/turtle_interfaces/lib/libturtle_interfaces__rosidl_typesupport_introspection_c.so
[0.346s] -- Up-to-date: /home/george/ros2_ws/install/turtle_interfaces/lib/libturtle_interfaces__rosidl_typesupport_c.so
[0.346s] -- Up-to-date: /home/george/ros2_ws/install/turtle_interfaces/include/turtle_interfaces/turtle_interfaces
[0.346s] -- Up-to-date: /home/george/ros2_ws/install/turtle_interfaces/include/turtle_interfaces/turtle_interfaces/srv
[0.347s] -- Up-to-date: /home/george/ros2_ws/install/turtle_interfaces/include/turtle_interfaces/turtle_interfaces/srv/detail
[0.347s] -- Up-to-date: /home/george/ros2_ws/install/turtle_interfaces/include/turtle_interfaces/turtle_interfaces/srv/detail/shape_command__builder.hpp
[0.347s] -- Up-to-date: /home/george/ros2_ws/install/turtle_interfaces/include/turtle_interfaces/turtle_interfaces/srv/detail/shape_command__struct.hpp
[0.347s] -- Up-to-date: /home/george/ros2_ws/install/turtle_interfaces/include/turtle_interfaces/turtle_interfaces/srv/detail/shape_command__traits.hpp
[0.347s] -- Up-to-date: /home/george/ros2_ws/install/turtle_interfaces/include/turtle_interfaces/turtle_interfaces/srv/detail/shape_command__type_support.hpp
[0.347s] -- Up-to-date: /home/george/ros2_ws/install/turtle_interfaces/include/turtle_interfaces/turtle_interfaces/srv/shape_command.hpp
[0.347s] -- Up-to-date: /home/george/ros2_ws/install/turtle_interfaces/include/turtle_interfaces/turtle_interfaces/msg
[0.347s] -- Up-to-date: /home/george/ros2_ws/install/turtle_interfaces/include/turtle_interfaces/turtle_interfaces/msg/rosidl_generator_cpp__visibility_control.hpp
[0.348s] -- Up-to-date: /home/george/ros2_ws/install/turtle_interfaces/include/turtle_interfaces/turtle_interfaces
[0.348s] -- Up-to-date: /home/george/ros2_ws/install/turtle_interfaces/include/turtle_interfaces/turtle_interfaces/srv
[0.348s] -- Up-to-date: /home/george/ros2_ws/install/turtle_interfaces/include/turtle_interfaces/turtle_interfaces/srv/detail
[0.348s] -- Up-to-date: /home/george/ros2_ws/install/turtle_interfaces/include/turtle_interfaces/turtle_interfaces/srv/detail/shape_command__rosidl_typesupport_fastrtps_cpp.hpp
[0.348s] -- Up-to-date: /home/george/ros2_ws/install/turtle_interfaces/include/turtle_interfaces/turtle_interfaces/srv/detail/dds_fastrtps
[0.348s] -- Up-to-date: /home/george/ros2_ws/install/turtle_interfaces/include/turtle_interfaces/turtle_interfaces/msg
[0.348s] -- Up-to-date: /home/george/ros2_ws/install/turtle_interfaces/include/turtle_interfaces/turtle_interfaces/msg/rosidl_typesupport_fastrtps_cpp__visibility_control.h
[0.349s] -- Up-to-date: /home/george/ros2_ws/install/turtle_interfaces/lib/libturtle_interfaces__rosidl_typesupport_fastrtps_cpp.so
[0.349s] -- Up-to-date: /home/george/ros2_ws/install/turtle_interfaces/include/turtle_interfaces/turtle_interfaces
[0.349s] -- Up-to-date: /home/george/ros2_ws/install/turtle_interfaces/include/turtle_interfaces/turtle_interfaces/srv
[0.349s] -- Up-to-date: /home/george/ros2_ws/install/turtle_interfaces/include/turtle_interfaces/turtle_interfaces/srv/detail
[0.350s] -- Up-to-date: /home/george/ros2_ws/install/turtle_interfaces/include/turtle_interfaces/turtle_interfaces/srv/detail/shape_command__type_support.cpp
[0.350s] -- Up-to-date: /home/george/ros2_ws/install/turtle_interfaces/include/turtle_interfaces/turtle_interfaces/srv/detail/shape_command__rosidl_typesupport_introspection_cpp.hpp
[0.350s] -- Up-to-date: /home/george/ros2_ws/install/turtle_interfaces/lib/libturtle_interfaces__rosidl_typesupport_introspection_cpp.so
[0.350s] -- Up-to-date: /home/george/ros2_ws/install/turtle_interfaces/lib/libturtle_interfaces__rosidl_typesupport_cpp.so
[0.351s] -- Up-to-date: /home/george/ros2_ws/install/turtle_interfaces/share/turtle_interfaces/environment/pythonpath.sh
[0.351s] -- Up-to-date: /home/george/ros2_ws/install/turtle_interfaces/share/turtle_interfaces/environment/pythonpath.dsv
[0.351s] -- Up-to-date: /home/george/ros2_ws/install/turtle_interfaces/local/lib/python3.10/dist-packages/turtle_interfaces-0.0.0-py3.10.egg-info
[0.351s] -- Installing: /home/george/ros2_ws/install/turtle_interfaces/local/lib/python3.10/dist-packages/turtle_interfaces-0.0.0-py3.10.egg-info/PKG-INFO
[0.351s] -- Installing: /home/george/ros2_ws/install/turtle_interfaces/local/lib/python3.10/dist-packages/turtle_interfaces-0.0.0-py3.10.egg-info/top_level.txt
[0.351s] -- Installing: /home/george/ros2_ws/install/turtle_interfaces/local/lib/python3.10/dist-packages/turtle_interfaces-0.0.0-py3.10.egg-info/SOURCES.txt
[0.351s] -- Installing: /home/george/ros2_ws/install/turtle_interfaces/local/lib/python3.10/dist-packages/turtle_interfaces-0.0.0-py3.10.egg-info/dependency_links.txt
[0.351s] -- Up-to-date: /home/george/ros2_ws/install/turtle_interfaces/local/lib/python3.10/dist-packages/turtle_interfaces
[0.352s] -- Up-to-date: /home/george/ros2_ws/install/turtle_interfaces/local/lib/python3.10/dist-packages/turtle_interfaces/libturtle_interfaces__rosidl_generator_py.so
[0.352s] -- Up-to-date: /home/george/ros2_ws/install/turtle_interfaces/local/lib/python3.10/dist-packages/turtle_interfaces/_turtle_interfaces_s.ep.rosidl_typesupport_c.c
[0.352s] -- Up-to-date: /home/george/ros2_ws/install/turtle_interfaces/local/lib/python3.10/dist-packages/turtle_interfaces/srv
[0.352s] -- Up-to-date: /home/george/ros2_ws/install/turtle_interfaces/local/lib/python3.10/dist-packages/turtle_interfaces/srv/_shape_command_s.c
[0.352s] -- Up-to-date: /home/george/ros2_ws/install/turtle_interfaces/local/lib/python3.10/dist-packages/turtle_interfaces/srv/_shape_command.py
[0.352s] -- Up-to-date: /home/george/ros2_ws/install/turtle_interfaces/local/lib/python3.10/dist-packages/turtle_interfaces/srv/__init__.py
[0.352s] -- Up-to-date: /home/george/ros2_ws/install/turtle_interfaces/local/lib/python3.10/dist-packages/turtle_interfaces/turtle_interfaces_s__rosidl_typesupport_c.cpython-310-x86_64-linux-gnu.so
[0.352s] -- Up-to-date: /home/george/ros2_ws/install/turtle_interfaces/local/lib/python3.10/dist-packages/turtle_interfaces/_turtle_interfaces_s.ep.rosidl_typesupport_introspection_c.c
[0.352s] -- Up-to-date: /home/george/ros2_ws/install/turtle_interfaces/local/lib/python3.10/dist-packages/turtle_interfaces/turtle_interfaces_s__rosidl_typesupport_fastrtps_c.cpython-310-x86_64-linux-gnu.so
[0.352s] -- Up-to-date: /home/george/ros2_ws/install/turtle_interfaces/local/lib/python3.10/dist-packages/turtle_interfaces/turtle_interfaces_s__rosidl_typesupport_introspection_c.cpython-310-x86_64-linux-gnu.so
[0.352s] -- Up-to-date: /home/george/ros2_ws/install/turtle_interfaces/local/lib/python3.10/dist-packages/turtle_interfaces/__init__.py
[0.352s] -- Up-to-date: /home/george/ros2_ws/install/turtle_interfaces/local/lib/python3.10/dist-packages/turtle_interfaces/_turtle_interfaces_s.ep.rosidl_typesupport_fastrtps_c.c
[0.375s] Listing '/home/george/ros2_ws/install/turtle_interfaces/local/lib/python3.10/dist-packages/turtle_interfaces'...
[0.375s] Listing '/home/george/ros2_ws/install/turtle_interfaces/local/lib/python3.10/dist-packages/turtle_interfaces/srv'...
[0.378s] -- Up-to-date: /home/george/ros2_ws/install/turtle_interfaces/local/lib/python3.10/dist-packages/turtle_interfaces/turtle_interfaces_s__rosidl_typesupport_fastrtps_c.cpython-310-x86_64-linux-gnu.so
[0.378s] -- Up-to-date: /home/george/ros2_ws/install/turtle_interfaces/local/lib/python3.10/dist-packages/turtle_interfaces/turtle_interfaces_s__rosidl_typesupport_introspection_c.cpython-310-x86_64-linux-gnu.so
[0.379s] -- Up-to-date: /home/george/ros2_ws/install/turtle_interfaces/local/lib/python3.10/dist-packages/turtle_interfaces/turtle_interfaces_s__rosidl_typesupport_c.cpython-310-x86_64-linux-gnu.so
[0.379s] -- Up-to-date: /home/george/ros2_ws/install/turtle_interfaces/lib/libturtle_interfaces__rosidl_generator_py.so
[0.379s] -- Up-to-date: /home/george/ros2_ws/install/turtle_interfaces/share/ament_index/resource_index/rust_packages/turtle_interfaces
[0.380s] -- Up-to-date: /home/george/ros2_ws/install/turtle_interfaces/share/turtle_interfaces/rust
[0.380s] -- Up-to-date: /home/george/ros2_ws/install/turtle_interfaces/share/turtle_interfaces/rust/build.rs
[0.380s] -- Up-to-date: /home/george/ros2_ws/install/turtle_interfaces/share/turtle_interfaces/rust/Cargo.toml
[0.380s] -- Up-to-date: /home/george/ros2_ws/install/turtle_interfaces/share/turtle_interfaces/rust/src
[0.380s] -- Up-to-date: /home/george/ros2_ws/install/turtle_interfaces/share/turtle_interfaces/rust/src/lib.rs
[0.380s] -- Up-to-date: /home/george/ros2_ws/install/turtle_interfaces/share/turtle_interfaces/rust/src/srv
[0.381s] -- Up-to-date: /home/george/ros2_ws/install/turtle_interfaces/share/turtle_interfaces/rust/src/srv/rmw.rs
[0.381s] -- Up-to-date: /home/george/ros2_ws/install/turtle_interfaces/share/turtle_interfaces/rust/src/srv.rs
[0.381s] -- Up-to-date: /home/george/ros2_ws/install/turtle_interfaces/share/turtle_interfaces/srv/ShapeCommand.idl
[0.381s] -- Up-to-date: /home/george/ros2_ws/install/turtle_interfaces/share/turtle_interfaces/srv/ShapeCommand.srv
[0.381s] -- Up-to-date: /home/george/ros2_ws/install/turtle_interfaces/share/turtle_interfaces/srv/ShapeCommand_Request.msg
[0.381s] -- Up-to-date: /home/george/ros2_ws/install/turtle_interfaces/share/turtle_interfaces/srv/ShapeCommand_Response.msg
[0.381s] -- Up-to-date: /home/george/ros2_ws/install/turtle_interfaces/share/ament_index/resource_index/package_run_dependencies/turtle_interfaces
[0.381s] -- Up-to-date: /home/george/ros2_ws/install/turtle_interfaces/share/ament_index/resource_index/parent_prefix_path/turtle_interfaces
[0.381s] -- Up-to-date: /home/george/ros2_ws/install/turtle_interfaces/share/turtle_interfaces/environment/ament_prefix_path.sh
[0.381s] -- Up-to-date: /home/george/ros2_ws/install/turtle_interfaces/share/turtle_interfaces/environment/ament_prefix_path.dsv
[0.381s] -- Up-to-date: /home/george/ros2_ws/install/turtle_interfaces/share/turtle_interfaces/environment/path.sh
[0.381s] -- Up-to-date: /home/george/ros2_ws/install/turtle_interfaces/share/turtle_interfaces/environment/path.dsv
[0.381s] -- Up-to-date: /home/george/ros2_ws/install/turtle_interfaces/share/turtle_interfaces/local_setup.bash
[0.381s] -- Up-to-date: /home/george/ros2_ws/install/turtle_interfaces/share/turtle_interfaces/local_setup.sh
[0.381s] -- Up-to-date: /home/george/ros2_ws/install/turtle_interfaces/share/turtle_interfaces/local_setup.zsh
[0.381s] -- Up-to-date: /home/george/ros2_ws/install/turtle_interfaces/share/turtle_interfaces/local_setup.dsv
[0.381s] -- Installing: /home/george/ros2_ws/install/turtle_interfaces/share/turtle_interfaces/package.dsv
[0.381s] -- Up-to-date: /home/george/ros2_ws/install/turtle_interfaces/share/ament_index/resource_index/packages/turtle_interfaces
[0.381s] -- Up-to-date: /home/george/ros2_ws/install/turtle_interfaces/share/turtle_interfaces/cmake/export_turtle_interfaces__rosidl_generator_cExport.cmake
[0.381s] -- Up-to-date: /home/george/ros2_ws/install/turtle_interfaces/share/turtle_interfaces/cmake/export_turtle_interfaces__rosidl_generator_cExport-noconfig.cmake
[0.382s] -- Up-to-date: /home/george/ros2_ws/install/turtle_interfaces/share/turtle_interfaces/cmake/export_turtle_interfaces__rosidl_typesupport_fastrtps_cExport.cmake
[0.382s] -- Up-to-date: /home/george/ros2_ws/install/turtle_interfaces/share/turtle_interfaces/cmake/export_turtle_interfaces__rosidl_typesupport_fastrtps_cExport-noconfig.cmake
[0.382s] -- Up-to-date: /home/george/ros2_ws/install/turtle_interfaces/share/turtle_interfaces/cmake/turtle_interfaces__rosidl_typesupport_introspection_cExport.cmake
[0.382s] -- Up-to-date: /home/george/ros2_ws/install/turtle_interfaces/share/turtle_interfaces/cmake/turtle_interfaces__rosidl_typesupport_introspection_cExport-noconfig.cmake
[0.383s] -- Up-to-date: /home/george/ros2_ws/install/turtle_interfaces/share/turtle_interfaces/cmake/turtle_interfaces__rosidl_typesupport_cExport.cmake
[0.383s] -- Up-to-date: /home/george/ros2_ws/install/turtle_interfaces/share/turtle_interfaces/cmake/turtle_interfaces__rosidl_typesupport_cExport-noconfig.cmake
[0.383s] -- Up-to-date: /home/george/ros2_ws/install/turtle_interfaces/share/turtle_interfaces/cmake/export_turtle_interfaces__rosidl_generator_cppExport.cmake
[0.383s] -- Up-to-date: /home/george/ros2_ws/install/turtle_interfaces/share/turtle_interfaces/cmake/export_turtle_interfaces__rosidl_typesupport_fastrtps_cppExport.cmake
[0.383s] -- Up-to-date: /home/george/ros2_ws/install/turtle_interfaces/share/turtle_interfaces/cmake/export_turtle_interfaces__rosidl_typesupport_fastrtps_cppExport-noconfig.cmake
[0.384s] -- Up-to-date: /home/george/ros2_ws/install/turtle_interfaces/share/turtle_interfaces/cmake/turtle_interfaces__rosidl_typesupport_introspection_cppExport.cmake
[0.384s] -- Up-to-date: /home/george/ros2_ws/install/turtle_interfaces/share/turtle_interfaces/cmake/turtle_interfaces__rosidl_typesupport_introspection_cppExport-noconfig.cmake
[0.384s] -- Up-to-date: /home/george/ros2_ws/install/turtle_interfaces/share/turtle_interfaces/cmake/turtle_interfaces__rosidl_typesupport_cppExport.cmake
[0.384s] -- Up-to-date: /home/george/ros2_ws/install/turtle_interfaces/share/turtle_interfaces/cmake/turtle_interfaces__rosidl_typesupport_cppExport-noconfig.cmake
[0.385s] -- Up-to-date: /home/george/ros2_ws/install/turtle_interfaces/share/turtle_interfaces/cmake/export_turtle_interfaces__rosidl_generator_pyExport.cmake
[0.385s] -- Up-to-date: /home/george/ros2_ws/install/turtle_interfaces/share/turtle_interfaces/cmake/export_turtle_interfaces__rosidl_generator_pyExport-noconfig.cmake
[0.385s] -- Up-to-date: /home/george/ros2_ws/install/turtle_interfaces/share/turtle_interfaces/cmake/rosidl_cmake-extras.cmake
[0.385s] -- Up-to-date: /home/george/ros2_ws/install/turtle_interfaces/share/turtle_interfaces/cmake/ament_cmake_export_include_directories-extras.cmake
[0.385s] -- Up-to-date: /home/george/ros2_ws/install/turtle_interfaces/share/turtle_interfaces/cmake/ament_cmake_export_libraries-extras.cmake
[0.385s] -- Up-to-date: /home/george/ros2_ws/install/turtle_interfaces/share/turtle_interfaces/cmake/ament_cmake_export_targets-extras.cmake
[0.385s] -- Up-to-date: /home/george/ros2_ws/install/turtle_interfaces/share/turtle_interfaces/cmake/rosidl_cmake_export_typesupport_targets-extras.cmake
[0.385s] -- Up-to-date: /home/george/ros2_ws/install/turtle_interfaces/share/turtle_interfaces/cmake/ament_cmake_export_dependencies-extras.cmake
[0.385s] -- Up-to-date: /home/george/ros2_ws/install/turtle_interfaces/share/turtle_interfaces/cmake/rosidl_cmake_export_typesupport_libraries-extras.cmake
[0.385s] -- Up-to-date: /home/george/ros2_ws/install/turtle_interfaces/share/turtle_interfaces/cmake/turtle_interfacesConfig.cmake
[0.385s] -- Up-to-date: /home/george/ros2_ws/install/turtle_interfaces/share/turtle_interfaces/cmake/turtle_interfacesConfig-version.cmake
[0.385s] -- Up-to-date: /home/george/ros2_ws/install/turtle_interfaces/share/turtle_interfaces/package.xml
[0.387s] Invoked command in '/home/george/ros2_ws/build/turtle_interfaces' returned '0': CMAKE_PREFIX_PATH=/opt/ros/humble /usr/bin/cmake --install /home/george/ros2_ws/build/turtle_interfaces
