/home/george/ros2_ws/install/turtle_controller/lib/python3.10/site-packages/turtle_controller/SecondMasterPiece.py
/home/george/ros2_ws/install/turtle_controller/lib/python3.10/site-packages/turtle_controller/FirstMasterPiece.py
/home/george/ros2_ws/install/turtle_controller/lib/python3.10/site-packages/turtle_controller/ThirdMasterPiece.py
/home/george/ros2_ws/install/turtle_controller/lib/python3.10/site-packages/turtle_controller/__init__.py
/home/george/ros2_ws/install/turtle_controller/lib/python3.10/site-packages/turtle_controller/controller.py
/home/george/ros2_ws/install/turtle_controller/lib/python3.10/site-packages/turtle_controller/__pycache__/SecondMasterPiece.cpython-310.pyc
/home/george/ros2_ws/install/turtle_controller/lib/python3.10/site-packages/turtle_controller/__pycache__/FirstMasterPiece.cpython-310.pyc
/home/george/ros2_ws/install/turtle_controller/lib/python3.10/site-packages/turtle_controller/__pycache__/ThirdMasterPiece.cpython-310.pyc
/home/george/ros2_ws/install/turtle_controller/lib/python3.10/site-packages/turtle_controller/__pycache__/__init__.cpython-310.pyc
/home/george/ros2_ws/install/turtle_controller/lib/python3.10/site-packages/turtle_controller/__pycache__/controller.cpython-310.pyc
/home/george/ros2_ws/install/turtle_controller/share/ament_index/resource_index/packages/turtle_controller
/home/george/ros2_ws/install/turtle_controller/share/turtle_controller/package.xml
/home/george/ros2_ws/install/turtle_controller/lib/python3.10/site-packages/turtle_controller-0.0.0-py3.10.egg-info/PKG-INFO
/home/george/ros2_ws/install/turtle_controller/lib/python3.10/site-packages/turtle_controller-0.0.0-py3.10.egg-info/top_level.txt
/home/george/ros2_ws/install/turtle_controller/lib/python3.10/site-packages/turtle_controller-0.0.0-py3.10.egg-info/entry_points.txt
/home/george/ros2_ws/install/turtle_controller/lib/python3.10/site-packages/turtle_controller-0.0.0-py3.10.egg-info/SOURCES.txt
/home/george/ros2_ws/install/turtle_controller/lib/python3.10/site-packages/turtle_controller-0.0.0-py3.10.egg-info/requires.txt
/home/george/ros2_ws/install/turtle_controller/lib/python3.10/site-packages/turtle_controller-0.0.0-py3.10.egg-info/zip-safe
/home/george/ros2_ws/install/turtle_controller/lib/python3.10/site-packages/turtle_controller-0.0.0-py3.10.egg-info/dependency_links.txt
/home/george/ros2_ws/install/turtle_controller/lib/turtle_controller/ILROS
/home/george/ros2_ws/install/turtle_controller/lib/turtle_controller/butterfly
/home/george/ros2_ws/install/turtle_controller/lib/turtle_controller/controller
/home/george/ros2_ws/install/turtle_controller/lib/turtle_controller/racecare
