[0.469s] Invoking command in '/home/george/ros2_ws/src/turtle_controller': PYTHONPATH=/home/george/ros2_ws/build/turtle_controller/prefix_override:/usr/lib/python3/dist-packages/colcon_core/task/python/colcon_distutils_commands:/home/george/ros2_ws/install/turtle_controller/lib/python3.10/site-packages:${PYTHONPATH} /usr/bin/python3 -W ignore:setup.py install is deprecated -W ignore:easy_install command is deprecated setup.py egg_info --egg-base ../../build/turtle_controller build --build-base /home/george/ros2_ws/build/turtle_controller/build install --record /home/george/ros2_ws/build/turtle_controller/install.log --single-version-externally-managed install_data
[0.633s] running egg_info
[0.634s] writing ../../build/turtle_controller/turtle_controller.egg-info/PKG-INFO
[0.634s] writing dependency_links to ../../build/turtle_controller/turtle_controller.egg-info/dependency_links.txt
[0.634s] writing entry points to ../../build/turtle_controller/turtle_controller.egg-info/entry_points.txt
[0.634s] writing requirements to ../../build/turtle_controller/turtle_controller.egg-info/requires.txt
[0.634s] writing top-level names to ../../build/turtle_controller/turtle_controller.egg-info/top_level.txt
[0.635s] reading manifest file '../../build/turtle_controller/turtle_controller.egg-info/SOURCES.txt'
[0.636s] writing manifest file '../../build/turtle_controller/turtle_controller.egg-info/SOURCES.txt'
[0.636s] running build
[0.636s] running build_py
[0.637s] copying turtle_controller/ThirdMasterPiece.py -> /home/george/ros2_ws/build/turtle_controller/build/lib/turtle_controller
[0.637s] running install
[0.637s] running install_lib
[0.638s] copying /home/george/ros2_ws/build/turtle_controller/build/lib/turtle_controller/ThirdMasterPiece.py -> /home/george/ros2_ws/install/turtle_controller/lib/python3.10/site-packages/turtle_controller
[0.638s] byte-compiling /home/george/ros2_ws/install/turtle_controller/lib/python3.10/site-packages/turtle_controller/ThirdMasterPiece.py to ThirdMasterPiece.cpython-310.pyc
[0.640s] running install_data
[0.640s] running install_egg_info
[0.641s] removing '/home/george/ros2_ws/install/turtle_controller/lib/python3.10/site-packages/turtle_controller-0.0.0-py3.10.egg-info' (and everything under it)
[0.641s] Copying ../../build/turtle_controller/turtle_controller.egg-info to /home/george/ros2_ws/install/turtle_controller/lib/python3.10/site-packages/turtle_controller-0.0.0-py3.10.egg-info
[0.642s] running install_scripts
[0.656s] Installing ILROS script to /home/george/ros2_ws/install/turtle_controller/lib/turtle_controller
[0.656s] Installing butterfly script to /home/george/ros2_ws/install/turtle_controller/lib/turtle_controller
[0.656s] Installing controller script to /home/george/ros2_ws/install/turtle_controller/lib/turtle_controller
[0.656s] Installing racecare script to /home/george/ros2_ws/install/turtle_controller/lib/turtle_controller
[0.656s] writing list of installed files to '/home/george/ros2_ws/build/turtle_controller/install.log'
[0.674s] Invoked command in '/home/george/ros2_ws/src/turtle_controller' returned '0': PYTHONPATH=/home/george/ros2_ws/build/turtle_controller/prefix_override:/usr/lib/python3/dist-packages/colcon_core/task/python/colcon_distutils_commands:/home/george/ros2_ws/install/turtle_controller/lib/python3.10/site-packages:${PYTHONPATH} /usr/bin/python3 -W ignore:setup.py install is deprecated -W ignore:easy_install command is deprecated setup.py egg_info --egg-base ../../build/turtle_controller build --build-base /home/george/ros2_ws/build/turtle_controller/build install --record /home/george/ros2_ws/build/turtle_controller/install.log --single-version-externally-managed install_data
