[0.670s] Invoking command in '/home/george/ros2_ws/src/turtle_controller': AMENT_PREFIX_PATH=/home/george/ros2_ws/install/turtle_interfaces:${AMENT_PREFIX_PATH} CMAKE_PREFIX_PATH=/home/george/ros2_ws/install/turtle_interfaces LD_LIBRARY_PATH=/home/george/ros2_ws/install/turtle_interfaces/lib:${LD_LIBRARY_PATH} PYTHONPATH=/home/george/ros2_ws/build/turtle_controller/prefix_override:/usr/lib/python3/dist-packages/colcon_core/task/python/colcon_distutils_commands:/home/george/ros2_ws/install/turtle_controller/lib/python3.10/site-packages:/home/george/ros2_ws/install/turtle_interfaces/local/lib/python3.10/dist-packages:${PYTHONPATH} /usr/bin/python3 -W ignore:setup.py install is deprecated -W ignore:easy_install command is deprecated setup.py egg_info --egg-base ../../build/turtle_controller build --build-base /home/george/ros2_ws/build/turtle_controller/build install --record /home/george/ros2_ws/build/turtle_controller/install.log --single-version-externally-managed install_data
[0.836s] running egg_info
[0.836s] writing ../../build/turtle_controller/turtle_controller.egg-info/PKG-INFO
[0.837s] writing dependency_links to ../../build/turtle_controller/turtle_controller.egg-info/dependency_links.txt
[0.837s] writing entry points to ../../build/turtle_controller/turtle_controller.egg-info/entry_points.txt
[0.837s] writing requirements to ../../build/turtle_controller/turtle_controller.egg-info/requires.txt
[0.837s] writing top-level names to ../../build/turtle_controller/turtle_controller.egg-info/top_level.txt
[0.838s] reading manifest file '../../build/turtle_controller/turtle_controller.egg-info/SOURCES.txt'
[0.839s] writing manifest file '../../build/turtle_controller/turtle_controller.egg-info/SOURCES.txt'
[0.839s] running build
[0.839s] running build_py
[0.839s] running install
[0.839s] running install_lib
[0.840s] running install_data
[0.840s] running install_egg_info
[0.842s] removing '/home/george/ros2_ws/install/turtle_controller/lib/python3.10/site-packages/turtle_controller-0.0.0-py3.10.egg-info' (and everything under it)
[0.842s] Copying ../../build/turtle_controller/turtle_controller.egg-info to /home/george/ros2_ws/install/turtle_controller/lib/python3.10/site-packages/turtle_controller-0.0.0-py3.10.egg-info
[0.843s] running install_scripts
[0.857s] Installing ILROS script to /home/george/ros2_ws/install/turtle_controller/lib/turtle_controller
[0.857s] Installing butterfly script to /home/george/ros2_ws/install/turtle_controller/lib/turtle_controller
[0.857s] Installing controller script to /home/george/ros2_ws/install/turtle_controller/lib/turtle_controller
[0.857s] Installing racecare script to /home/george/ros2_ws/install/turtle_controller/lib/turtle_controller
[0.858s] Installing stage2_client script to /home/george/ros2_ws/install/turtle_controller/lib/turtle_controller
[0.858s] Installing stage2_controller script to /home/george/ros2_ws/install/turtle_controller/lib/turtle_controller
[0.858s] writing list of installed files to '/home/george/ros2_ws/build/turtle_controller/install.log'
[0.875s] Invoked command in '/home/george/ros2_ws/src/turtle_controller' returned '0': AMENT_PREFIX_PATH=/home/george/ros2_ws/install/turtle_interfaces:${AMENT_PREFIX_PATH} CMAKE_PREFIX_PATH=/home/george/ros2_ws/install/turtle_interfaces LD_LIBRARY_PATH=/home/george/ros2_ws/install/turtle_interfaces/lib:${LD_LIBRARY_PATH} PYTHONPATH=/home/george/ros2_ws/build/turtle_controller/prefix_override:/usr/lib/python3/dist-packages/colcon_core/task/python/colcon_distutils_commands:/home/george/ros2_ws/install/turtle_controller/lib/python3.10/site-packages:/home/george/ros2_ws/install/turtle_interfaces/local/lib/python3.10/dist-packages:${PYTHONPATH} /usr/bin/python3 -W ignore:setup.py install is deprecated -W ignore:easy_install command is deprecated setup.py egg_info --egg-base ../../build/turtle_controller build --build-base /home/george/ros2_ws/build/turtle_controller/build install --record /home/george/ros2_ws/build/turtle_controller/install.log --single-version-externally-managed install_data
